../lvgl/src/draw/sw/../../misc/lv_color.h:438:48:lv_color_mix	8	static
../lvgl/src/draw/sw/lv_draw_sw_blend.c:378:20:set_px_argb	40	static
../lvgl/src/draw/sw/lv_draw_sw_blend.c:950:26:color_blend_true_color_additive	32	static
../lvgl/src/draw/sw/lv_draw_sw_blend.c:1003:26:color_blend_true_color_subtractive	32	static
../lvgl/src/draw/sw/lv_draw_sw_blend.c:1029:26:color_blend_true_color_multiply	32	static
../lvgl/src/draw/sw/lv_draw_sw_blend.c:404:20:set_px_argb_blend	24	static
../lvgl/src/draw/sw/lv_draw_sw_blend.c:95:6:lv_draw_sw_blend	24	static
../lvgl/src/draw/sw/lv_draw_sw_blend.c:108:28:lv_draw_sw_blend_basic	104	static
