../Hardware/NRF24L01.c:33:16:SPI_ReadWriteByte	32	static
../Hardware/NRF24L01.c:49:16:NRF24L01_ReadReg	24	static
../Hardware/NRF24L01.c:68:13:NRF24L01_WriteReg	16	static
../Hardware/NRF24L01.c:83:13:NRF24L01_ReadBuf	16	static
../Hardware/NRF24L01.c:98:13:NRF24L01_WriteBuf	16	static
../Hardware/NRF24L01.c:111:13:NRF24L01_ClearTX	8	static
../Hardware/NRF24L01.c:123:13:NRF24L01_ClearRX	8	static
../Hardware/NRF24L01.c:135:16:NRF24L01_ReadStatus	16	static
../Hardware/NRF24L01.c:147:16:NRF24L01_Check	16	static
../Hardware/NRF24L01.c:183:9:NRF24L01_Init	16	static
../Hardware/NRF24L01.c:271:13:NRF24L01_EnterTxMode	16	static
../Hardware/NRF24L01.c:294:13:NRF24L01_EnterRxMode	16	static
../Hardware/NRF24L01.c:328:9:NRF24L01_SendDatas	48	static
../Hardware/NRF24L01.c:371:6:NRF_EXTI_Callback	96	static
../Hardware/NRF24L01.c:429:6:NRF24L01_ProcessRxData	16	static
