Archive member included to satisfy reference by file (symbol)

D:/STM32_CubeIDE/STM32CubeIDE_1.18.0/STM32CubeIDE/plugins/com.st.stm32cube.ide.mcu.externaltools.gnu-tools-for-stm32.13.3.rel1.win32_1.0.100.202509120712/tools/bin/../lib/gcc/arm-none-eabi/13.3.1/../../../../arm-none-eabi/lib/thumb/v7e-m+fp/hard\libc_nano.a(libc_a-exit.o)
                              D:/STM32_CubeIDE/STM32CubeIDE_1.18.0/STM32CubeIDE/plugins/com.st.stm32cube.ide.mcu.externaltools.gnu-tools-for-stm32.13.3.rel1.win32_1.0.100.202509120712/tools/bin/../lib/gcc/arm-none-eabi/13.3.1/../../../../arm-none-eabi/lib/thumb/v7e-m+fp/hard/crt0.o (exit)
D:/STM32_CubeIDE/STM32CubeIDE_1.18.0/STM32CubeIDE/plugins/com.st.stm32cube.ide.mcu.externaltools.gnu-tools-for-stm32.13.3.rel1.win32_1.0.100.202509120712/tools/bin/../lib/gcc/arm-none-eabi/13.3.1/../../../../arm-none-eabi/lib/thumb/v7e-m+fp/hard\libc_nano.a(libc_a-qsort.o)
                              ./Hardware/BatteryVoltage.o (qsort)
D:/STM32_CubeIDE/STM32CubeIDE_1.18.0/STM32CubeIDE/plugins/com.st.stm32cube.ide.mcu.externaltools.gnu-tools-for-stm32.13.3.rel1.win32_1.0.100.202509120712/tools/bin/../lib/gcc/arm-none-eabi/13.3.1/../../../../arm-none-eabi/lib/thumb/v7e-m+fp/hard\libc_nano.a(libc_a-findfp.o)
                              D:/STM32_CubeIDE/STM32CubeIDE_1.18.0/STM32CubeIDE/plugins/com.st.stm32cube.ide.mcu.externaltools.gnu-tools-for-stm32.13.3.rel1.win32_1.0.100.202509120712/tools/bin/../lib/gcc/arm-none-eabi/13.3.1/../../../../arm-none-eabi/lib/thumb/v7e-m+fp/hard\libc_nano.a(libc_a-exit.o) (__stdio_exit_handler)
D:/STM32_CubeIDE/STM32CubeIDE_1.18.0/STM32CubeIDE/plugins/com.st.stm32cube.ide.mcu.externaltools.gnu-tools-for-stm32.13.3.rel1.win32_1.0.100.202509120712/tools/bin/../lib/gcc/arm-none-eabi/13.3.1/../../../../arm-none-eabi/lib/thumb/v7e-m+fp/hard\libc_nano.a(libc_a-fwalk.o)
                              D:/STM32_CubeIDE/STM32CubeIDE_1.18.0/STM32CubeIDE/plugins/com.st.stm32cube.ide.mcu.externaltools.gnu-tools-for-stm32.13.3.rel1.win32_1.0.100.202509120712/tools/bin/../lib/gcc/arm-none-eabi/13.3.1/../../../../arm-none-eabi/lib/thumb/v7e-m+fp/hard\libc_nano.a(libc_a-findfp.o) (_fwalk_sglue)
D:/STM32_CubeIDE/STM32CubeIDE_1.18.0/STM32CubeIDE/plugins/com.st.stm32cube.ide.mcu.externaltools.gnu-tools-for-stm32.13.3.rel1.win32_1.0.100.202509120712/tools/bin/../lib/gcc/arm-none-eabi/13.3.1/../../../../arm-none-eabi/lib/thumb/v7e-m+fp/hard\libc_nano.a(libc_a-sprintf.o)
                              ./Hardware/NRF24L01.o (sprintf)
D:/STM32_CubeIDE/STM32CubeIDE_1.18.0/STM32CubeIDE/plugins/com.st.stm32cube.ide.mcu.externaltools.gnu-tools-for-stm32.13.3.rel1.win32_1.0.100.202509120712/tools/bin/../lib/gcc/arm-none-eabi/13.3.1/../../../../arm-none-eabi/lib/thumb/v7e-m+fp/hard\libc_nano.a(libc_a-stdio.o)
                              D:/STM32_CubeIDE/STM32CubeIDE_1.18.0/STM32CubeIDE/plugins/com.st.stm32cube.ide.mcu.externaltools.gnu-tools-for-stm32.13.3.rel1.win32_1.0.100.202509120712/tools/bin/../lib/gcc/arm-none-eabi/13.3.1/../../../../arm-none-eabi/lib/thumb/v7e-m+fp/hard\libc_nano.a(libc_a-findfp.o) (__sread)
D:/STM32_CubeIDE/STM32CubeIDE_1.18.0/STM32CubeIDE/plugins/com.st.stm32cube.ide.mcu.externaltools.gnu-tools-for-stm32.13.3.rel1.win32_1.0.100.202509120712/tools/bin/../lib/gcc/arm-none-eabi/13.3.1/../../../../arm-none-eabi/lib/thumb/v7e-m+fp/hard\libc_nano.a(libc_a-vsnprintf.o)
                              ./Hardware/UART.o (vsnprintf)
D:/STM32_CubeIDE/STM32CubeIDE_1.18.0/STM32CubeIDE/plugins/com.st.stm32cube.ide.mcu.externaltools.gnu-tools-for-stm32.13.3.rel1.win32_1.0.100.202509120712/tools/bin/../lib/gcc/arm-none-eabi/13.3.1/../../../../arm-none-eabi/lib/thumb/v7e-m+fp/hard\libc_nano.a(libc_a-memcmp.o)
                              ./lvgl/src/font/lv_font_loader.o (memcmp)
D:/STM32_CubeIDE/STM32CubeIDE_1.18.0/STM32CubeIDE/plugins/com.st.stm32cube.ide.mcu.externaltools.gnu-tools-for-stm32.13.3.rel1.win32_1.0.100.202509120712/tools/bin/../lib/gcc/arm-none-eabi/13.3.1/../../../../arm-none-eabi/lib/thumb/v7e-m+fp/hard\libc_nano.a(libc_a-memmove.o)
                              ./lvgl/src/extra/libs/qrcode/qrcodegen.o (memmove)
D:/STM32_CubeIDE/STM32CubeIDE_1.18.0/STM32CubeIDE/plugins/com.st.stm32cube.ide.mcu.externaltools.gnu-tools-for-stm32.13.3.rel1.win32_1.0.100.202509120712/tools/bin/../lib/gcc/arm-none-eabi/13.3.1/../../../../arm-none-eabi/lib/thumb/v7e-m+fp/hard\libc_nano.a(libc_a-memset.o)
                              D:/STM32_CubeIDE/STM32CubeIDE_1.18.0/STM32CubeIDE/plugins/com.st.stm32cube.ide.mcu.externaltools.gnu-tools-for-stm32.13.3.rel1.win32_1.0.100.202509120712/tools/bin/../lib/gcc/arm-none-eabi/13.3.1/../../../../arm-none-eabi/lib/thumb/v7e-m+fp/hard/crt0.o (memset)
D:/STM32_CubeIDE/STM32CubeIDE_1.18.0/STM32CubeIDE/plugins/com.st.stm32cube.ide.mcu.externaltools.gnu-tools-for-stm32.13.3.rel1.win32_1.0.100.202509120712/tools/bin/../lib/gcc/arm-none-eabi/13.3.1/../../../../arm-none-eabi/lib/thumb/v7e-m+fp/hard\libc_nano.a(libc_a-strcat.o)
[...]
Memory Configuration

Name             Origin             Length             Attributes
CCMRAM           0x10000000         0x00007000         xrw
LVGL_CCMRAM      0x10007000         0x00009000         xrw
RAM              0x20000000         0x00008000         xrw
LVGL_RAM         0x20008000         0x00018000         xrw
FLASH            0x08000000         0x00080000         xr
*default*        0x00000000         0xffffffff

Linker script and memory map

LOAD D:/STM32_CubeIDE/STM32CubeIDE_1.18.0/STM32CubeIDE/plugins/com.st.stm32cube.ide.mcu.externaltools.gnu-tools-for-stm32.13.3.rel1.win32_1.0.100.202509120712/tools/bin/../lib/gcc/arm-none-eabi/13.3.1/thumb/v7e-m+fp/hard/crti.o
LOAD D:/STM32_CubeIDE/STM32CubeIDE_1.18.0/STM32CubeIDE/plugins/com.st.stm32cube.ide.mcu.externaltools.gnu-tools-for-stm32.13.3.rel1.win32_1.0.100.202509120712/tools/bin/../lib/gcc/arm-none-eabi/13.3.1/thumb/v7e-m+fp/hard/crtbegin.o
LOAD D:/STM32_CubeIDE/STM32CubeIDE_1.18.0/STM32CubeIDE/plugins/com.st.stm32cube.ide.mcu.externaltools.gnu-tools-for-stm32.13.3.rel1.win32_1.0.100.202509120712/tools/bin/../lib/gcc/arm-none-eabi/13.3.1/../../../../arm-none-eabi/lib/thumb/v7e-m+fp/hard/crt0.o
LOAD ./Core/Src/adc.o
LOAD ./Core/Src/dma.o
LOAD ./Core/Src/gpio.o
LOAD ./Core/Src/i2c.o
LOAD ./Core/Src/main.o
LOAD ./Core/Src/spi.o
LOAD ./Core/Src/stm32f4xx_hal_msp.o
LOAD ./Core/Src/stm32f4xx_it.o
LOAD ./Core/Src/syscalls.o
LOAD ./Core/Src/sysmem.o
LOAD ./Core/Src/system_stm32f4xx.o
LOAD ./Core/Src/tim.o
LOAD ./Core/Src/usart.o
LOAD ./Core/Startup/startup_stm32f407vetx.o
LOAD ./Drivers/STM32F4xx_HAL_Driver/Src/stm32f4xx_hal.o
LOAD ./Drivers/STM32F4xx_HAL_Driver/Src/stm32f4xx_hal_adc.o
LOAD ./Drivers/STM32F4xx_HAL_Driver/Src/stm32f4xx_hal_adc_ex.o
LOAD ./Drivers/STM32F4xx_HAL_Driver/Src/stm32f4xx_hal_cortex.o
LOAD ./Drivers/STM32F4xx_HAL_Driver/Src/stm32f4xx_hal_dma.o
LOAD ./Drivers/STM32F4xx_HAL_Driver/Src/stm32f4xx_hal_dma_ex.o
LOAD ./Drivers/STM32F4xx_HAL_Driver/Src/stm32f4xx_hal_exti.o
LOAD ./Drivers/STM32F4xx_HAL_Driver/Src/stm32f4xx_hal_flash.o
LOAD ./Drivers/STM32F4xx_HAL_Driver/Src/stm32f4xx_hal_flash_ex.o
LOAD ./Drivers/STM32F4xx_HAL_Driver/Src/stm32f4xx_hal_flash_ramfunc.o
LOAD ./Drivers/STM32F4xx_HAL_Driver/Src/stm32f4xx_hal_gpio.o
LOAD ./Drivers/STM32F4xx_HAL_Driver/Src/stm32f4xx_hal_i2c.o
LOAD ./Drivers/STM32F4xx_HAL_Driver/Src/stm32f4xx_hal_i2c_ex.o
LOAD ./Drivers/STM32F4xx_HAL_Driver/Src/stm32f4xx_hal_pwr.o
LOAD ./Drivers/STM32F4xx_HAL_Driver/Src/stm32f4xx_hal_pwr_ex.o
LOAD ./Drivers/STM32F4xx_HAL_Driver/Src/stm32f4xx_hal_rcc.o
LOAD ./Drivers/STM32F4xx_HAL_Driver/Src/stm32f4xx_hal_rcc_ex.o
LOAD ./Drivers/STM32F4xx_HAL_Driver/Src/stm32f4xx_hal_spi.o
LOAD ./Drivers/STM32F4xx_HAL_Driver/Src/stm32f4xx_hal_tim.o
LOAD ./Drivers/STM32F4xx_HAL_Driver/Src/stm32f4xx_hal_tim_ex.o
LOAD ./Drivers/STM32F4xx_HAL_Driver/Src/stm32f4xx_hal_uart.o
LOAD ./Hardware/ADC.o
LOAD ./Hardware/BackUpSRAM.o
LOAD ./Hardware/BatteryVoltage.o
LOAD ./Hardware/NRF24L01.o
LOAD ./Hardware/UART.o
LOAD ./Middleware/RingBuffer.o
LOAD ./Screen_Driver/FT6336G.o
LOAD ./Screen_Driver/LCD.o
LOAD ./Screen_Driver/SPI_cb.o
LOAD ./lvgl/GUI/GUI.o
LOAD ./lvgl/GUI/Joystick_Setting.o
LOAD ./lvgl/GUI/LCD&Battery_Setting.o
LOAD ./lvgl/GUI/Ladar_Point_map.o
LOAD ./lvgl/GUI/NRF_Connect_Setting.o
LOAD ./lvgl/GUI/PID_Parameter_Setting.o
LOAD ./lvgl/GUI/TileView_Parameter_List.o
LOAD ./lvgl/demos/benchmark/assets/img_benchmark_cogwheel_alpha16.o
LOAD ./lvgl/demos/benchmark/assets/img_benchmark_cogwheel_argb.o
LOAD ./lvgl/demos/benchmark/assets/img_benchmark_cogwheel_chroma_keyed.o
LOAD ./lvgl/demos/benchmark/assets/img_benchmark_cogwheel_indexed16.o
LOAD ./lvgl/demos/benchmark/assets/img_benchmark_cogwheel_rgb.o
LOAD ./lvgl/demos/benchmark/assets/img_benchmark_cogwheel_rgb565a8.o
LOAD ./lvgl/demos/benchmark/assets/lv_font_bechmark_montserrat_12_compr_az.c.o
LOAD ./lvgl/demos/benchmark/assets/lv_font_bechmark_montserrat_16_compr_az.c.o
LOAD ./lvgl/demos/benchmark/assets/lv_font_bechmark_montserrat_28_compr_az.c.o
LOAD ./lvgl/demos/benchmark/lv_demo_benchmark.o
LOAD ./lvgl/demos/keypad_encoder/lv_demo_keypad_encoder.o
LOAD ./lvgl/demos/music/assets/img_lv_demo_music_btn_corner_large.o
LOAD ./lvgl/demos/music/assets/img_lv_demo_music_btn_list_pause.o
LOAD ./lvgl/demos/music/assets/img_lv_demo_music_btn_list_pause_large.o
LOAD ./lvgl/demos/music/assets/img_lv_demo_music_btn_list_play.o
LOAD ./lvgl/demos/music/assets/img_lv_demo_music_btn_list_play_large.o
LOAD ./lvgl/demos/music/assets/img_lv_demo_music_btn_loop.o
LOAD ./lvgl/demos/music/assets/img_lv_demo_music_btn_loop_large.o
LOAD ./lvgl/demos/music/assets/img_lv_demo_music_btn_next.o
LOAD ./lvgl/demos/music/assets/img_lv_demo_music_btn_next_large.o
LOAD ./lvgl/demos/music/assets/img_lv_demo_music_btn_pause.o
LOAD ./lvgl/demos/music/assets/img_lv_demo_music_btn_pause_large.o
LOAD ./lvgl/demos/music/assets/img_lv_demo_music_btn_play.o
LOAD ./lvgl/demos/music/assets/img_lv_demo_music_btn_play_large.o
LOAD ./lvgl/demos/music/assets/img_lv_demo_music_btn_prev.o
LOAD ./lvgl/demos/music/assets/img_lv_demo_music_btn_prev_large.o
LOAD ./lvgl/demos/music/assets/img_lv_demo_music_btn_rnd.o
LOAD ./lvgl/demos/music/assets/img_lv_demo_music_btn_rnd_large.o
LOAD ./lvgl/demos/music/assets/img_lv_demo_music_corner_left.o
LOAD ./lvgl/demos/music/assets/img_lv_demo_music_corner_left_large.o
LOAD ./lvgl/demos/music/assets/img_lv_demo_music_corner_right.o
LOAD ./lvgl/demos/music/assets/img_lv_demo_music_corner_right_large.o
LOAD ./lvgl/demos/music/assets/img_lv_demo_music_cover_1.o
LOAD ./lvgl/demos/music/assets/img_lv_demo_music_cover_1_large.o
LOAD ./lvgl/demos/music/assets/img_lv_demo_music_cover_2.o
LOAD ./lvgl/demos/music/assets/img_lv_demo_music_cover_2_large.o
LOAD ./lvgl/demos/music/assets/img_lv_demo_music_cover_3.o
LOAD ./lvgl/demos/music/assets/img_lv_demo_music_cover_3_large.o
LOAD ./lvgl/demos/music/assets/img_lv_demo_music_icon_1.o
LOAD ./lvgl/demos/music/assets/img_lv_demo_music_icon_1_large.o
LOAD ./lvgl/demos/music/assets/img_lv_demo_music_icon_2.o
LOAD ./lvgl/demos/music/assets/img_lv_demo_music_icon_2_large.o
LOAD ./lvgl/demos/music/assets/img_lv_demo_music_icon_3.o
LOAD ./lvgl/demos/music/assets/img_lv_demo_music_icon_3_large.o
LOAD ./lvgl/demos/music/assets/img_lv_demo_music_icon_4.o
LOAD ./lvgl/demos/music/assets/img_lv_demo_music_icon_4_large.o
LOAD ./lvgl/demos/music/assets/img_lv_demo_music_list_border.o
LOAD ./lvgl/demos/music/assets/img_lv_demo_music_list_border_large.o
LOAD ./lvgl/demos/music/assets/img_lv_demo_music_logo.o
LOAD ./lvgl/demos/music/assets/img_lv_demo_music_slider_knob.o
LOAD ./lvgl/demos/music/assets/img_lv_demo_music_slider_knob_large.o
LOAD ./lvgl/demos/music/assets/img_lv_demo_music_wave_bottom.o
LOAD ./lvgl/demos/music/assets/img_lv_demo_music_wave_bottom_large.o
LOAD ./lvgl/demos/music/assets/img_lv_demo_music_wave_top.o
LOAD ./lvgl/demos/music/assets/img_lv_demo_music_wave_top_large.o
LOAD ./lvgl/demos/music/lv_demo_music.o
LOAD ./lvgl/demos/music/lv_demo_music_list.o
LOAD ./lvgl/demos/music/lv_demo_music_main.o
LOAD ./lvgl/demos/stress/lv_demo_stress.o
LOAD ./lvgl/demos/widgets/assets/img_clothes.o
LOAD ./lvgl/demos/widgets/assets/img_demo_widgets_avatar.o
LOAD ./lvgl/demos/widgets/assets/img_lvgl_logo.o
LOAD ./lvgl/demos/widgets/lv_demo_widgets.o
LOAD ./lvgl/examples/porting/lv_port_disp.o
LOAD ./lvgl/examples/porting/lv_port_fs_template.o
LOAD ./lvgl/examples/porting/lv_port_indev.o
LOAD ./lvgl/src/core/lv_disp.o
LOAD ./lvgl/src/core/lv_event.o
LOAD ./lvgl/src/core/lv_group.o
LOAD ./lvgl/src/core/lv_indev.o
LOAD ./lvgl/src/core/lv_indev_scroll.o
LOAD ./lvgl/src/core/lv_obj.o
LOAD ./lvgl/src/core/lv_obj_class.o
LOAD ./lvgl/src/core/lv_obj_draw.o
LOAD ./lvgl/src/core/lv_obj_pos.o
LOAD ./lvgl/src/core/lv_obj_scroll.o
LOAD ./lvgl/src/core/lv_obj_style.o
LOAD ./lvgl/src/core/lv_obj_style_gen.o
LOAD ./lvgl/src/core/lv_obj_tree.o
LOAD ./lvgl/src/core/lv_refr.o
LOAD ./lvgl/src/core/lv_theme.o
LOAD ./lvgl/src/draw/arm2d/lv_gpu_arm2d.o
LOAD ./lvgl/src/draw/lv_draw.o
LOAD ./lvgl/src/draw/lv_draw_arc.o
LOAD ./lvgl/src/draw/lv_draw_img.o
LOAD ./lvgl/src/draw/lv_draw_label.o
LOAD ./lvgl/src/draw/lv_draw_layer.o
LOAD ./lvgl/src/draw/lv_draw_line.o
LOAD ./lvgl/src/draw/lv_draw_mask.o
LOAD ./lvgl/src/draw/lv_draw_rect.o
LOAD ./lvgl/src/draw/lv_draw_transform.o
LOAD ./lvgl/src/draw/lv_draw_triangle.o
LOAD ./lvgl/src/draw/lv_img_buf.o
LOAD ./lvgl/src/draw/lv_img_cache.o
LOAD ./lvgl/src/draw/lv_img_decoder.o
LOAD ./lvgl/src/draw/nxp/pxp/lv_draw_pxp.o
LOAD ./lvgl/src/draw/nxp/pxp/lv_draw_pxp_blend.o
LOAD ./lvgl/src/draw/nxp/pxp/lv_gpu_nxp_pxp.o
LOAD ./lvgl/src/draw/nxp/pxp/lv_gpu_nxp_pxp_osa.o
LOAD ./lvgl/src/draw/nxp/vglite/lv_draw_vglite.o
LOAD ./lvgl/src/draw/nxp/vglite/lv_draw_vglite_arc.o
LOAD ./lvgl/src/draw/nxp/vglite/lv_draw_vglite_blend.o
LOAD ./lvgl/src/draw/nxp/vglite/lv_draw_vglite_line.o
LOAD ./lvgl/src/draw/nxp/vglite/lv_draw_vglite_rect.o
LOAD ./lvgl/src/draw/nxp/vglite/lv_vglite_buf.o
LOAD ./lvgl/src/draw/nxp/vglite/lv_vglite_utils.o
LOAD ./lvgl/src/draw/renesas/lv_gpu_d2_draw_label.o
LOAD ./lvgl/src/draw/renesas/lv_gpu_d2_ra6m3.o
LOAD ./lvgl/src/draw/sdl/lv_draw_sdl.o
LOAD ./lvgl/src/draw/sdl/lv_draw_sdl_arc.o
LOAD ./lvgl/src/draw/sdl/lv_draw_sdl_bg.o
LOAD ./lvgl/src/draw/sdl/lv_draw_sdl_composite.o
LOAD ./lvgl/src/draw/sdl/lv_draw_sdl_img.o
LOAD ./lvgl/src/draw/sdl/lv_draw_sdl_label.o
LOAD ./lvgl/src/draw/sdl/lv_draw_sdl_layer.o
LOAD ./lvgl/src/draw/sdl/lv_draw_sdl_line.o
LOAD ./lvgl/src/draw/sdl/lv_draw_sdl_mask.o
LOAD ./lvgl/src/draw/sdl/lv_draw_sdl_polygon.o
LOAD ./lvgl/src/draw/sdl/lv_draw_sdl_rect.o
LOAD ./lvgl/src/draw/sdl/lv_draw_sdl_stack_blur.o
LOAD ./lvgl/src/draw/sdl/lv_draw_sdl_texture_cache.o
LOAD ./lvgl/src/draw/sdl/lv_draw_sdl_utils.o
LOAD ./lvgl/src/draw/stm32_dma2d/lv_gpu_stm32_dma2d.o
LOAD ./lvgl/src/draw/sw/lv_draw_sw.o
LOAD ./lvgl/src/draw/sw/lv_draw_sw_arc.o
LOAD ./lvgl/src/draw/sw/lv_draw_sw_blend.o
LOAD ./lvgl/src/draw/sw/lv_draw_sw_dither.o
LOAD ./lvgl/src/draw/sw/lv_draw_sw_gradient.o
LOAD ./lvgl/src/draw/sw/lv_draw_sw_img.o
LOAD ./lvgl/src/draw/sw/lv_draw_sw_layer.o
LOAD ./lvgl/src/draw/sw/lv_draw_sw_letter.o
LOAD ./lvgl/src/draw/sw/lv_draw_sw_line.o
LOAD ./lvgl/src/draw/sw/lv_draw_sw_polygon.o
LOAD ./lvgl/src/draw/sw/lv_draw_sw_rect.o
LOAD ./lvgl/src/draw/sw/lv_draw_sw_transform.o
LOAD ./lvgl/src/draw/swm341_dma2d/lv_gpu_swm341_dma2d.o
LOAD ./lvgl/src/extra/layouts/flex/lv_flex.o
LOAD ./lvgl/src/extra/layouts/grid/lv_grid.o
LOAD ./lvgl/src/extra/libs/bmp/lv_bmp.o
LOAD ./lvgl/src/extra/libs/ffmpeg/lv_ffmpeg.o
LOAD ./lvgl/src/extra/libs/freetype/lv_freetype.o
LOAD ./lvgl/src/extra/libs/fsdrv/lv_fs_fatfs.o
LOAD ./lvgl/src/extra/libs/fsdrv/lv_fs_littlefs.o
LOAD ./lvgl/src/extra/libs/fsdrv/lv_fs_posix.o
LOAD ./lvgl/src/extra/libs/fsdrv/lv_fs_stdio.o
LOAD ./lvgl/src/extra/libs/fsdrv/lv_fs_win32.o
LOAD ./lvgl/src/extra/libs/gif/gifdec.o
LOAD ./lvgl/src/extra/libs/gif/lv_gif.o
LOAD ./lvgl/src/extra/libs/png/lodepng.o
LOAD ./lvgl/src/extra/libs/png/lv_png.o
LOAD ./lvgl/src/extra/libs/qrcode/lv_qrcode.o
LOAD ./lvgl/src/extra/libs/qrcode/qrcodegen.o
LOAD ./lvgl/src/extra/libs/rlottie/lv_rlottie.o
LOAD ./lvgl/src/extra/libs/sjpg/lv_sjpg.o
LOAD ./lvgl/src/extra/libs/sjpg/tjpgd.o
LOAD ./lvgl/src/extra/libs/tiny_ttf/lv_tiny_ttf.o
LOAD ./lvgl/src/extra/lv_extra.o
LOAD ./lvgl/src/extra/others/fragment/lv_fragment.o
LOAD ./lvgl/src/extra/others/fragment/lv_fragment_manager.o
LOAD ./lvgl/src/extra/others/gridnav/lv_gridnav.o
LOAD ./lvgl/src/extra/others/ime/lv_ime_pinyin.o
LOAD ./lvgl/src/extra/others/imgfont/lv_imgfont.o
LOAD ./lvgl/src/extra/others/monkey/lv_monkey.o
LOAD ./lvgl/src/extra/others/msg/lv_msg.o
LOAD ./lvgl/src/extra/others/snapshot/lv_snapshot.o
LOAD ./lvgl/src/extra/themes/basic/lv_theme_basic.o
LOAD ./lvgl/src/extra/themes/default/lv_theme_default.o
LOAD ./lvgl/src/extra/themes/mono/lv_theme_mono.o
LOAD ./lvgl/src/extra/widgets/animimg/lv_animimg.o
LOAD ./lvgl/src/extra/widgets/calendar/lv_calendar.o
LOAD ./lvgl/src/extra/widgets/calendar/lv_calendar_header_arrow.o
LOAD ./lvgl/src/extra/widgets/calendar/lv_calendar_header_dropdown.o
LOAD ./lvgl/src/extra/widgets/chart/lv_chart.o
LOAD ./lvgl/src/extra/widgets/colorwheel/lv_colorwheel.o
LOAD ./lvgl/src/extra/widgets/imgbtn/lv_imgbtn.o
LOAD ./lvgl/src/extra/widgets/keyboard/lv_keyboard.o
LOAD ./lvgl/src/extra/widgets/led/lv_led.o
LOAD ./lvgl/src/extra/widgets/list/lv_list.o
LOAD ./lvgl/src/extra/widgets/menu/lv_menu.o
LOAD ./lvgl/src/extra/widgets/meter/lv_meter.o
LOAD ./lvgl/src/extra/widgets/msgbox/lv_msgbox.o
LOAD ./lvgl/src/extra/widgets/span/lv_span.o
LOAD ./lvgl/src/extra/widgets/spinbox/lv_spinbox.o
LOAD ./lvgl/src/extra/widgets/spinner/lv_spinner.o
LOAD ./lvgl/src/extra/widgets/tabview/lv_tabview.o
LOAD ./lvgl/src/extra/widgets/tileview/lv_tileview.o
LOAD ./lvgl/src/extra/widgets/win/lv_win.o
LOAD ./lvgl/src/font/lv_font.o
LOAD ./lvgl/src/font/lv_font_dejavu_16_persian_hebrew.o
LOAD ./lvgl/src/font/lv_font_fmt_txt.o
LOAD ./lvgl/src/font/lv_font_loader.o
LOAD ./lvgl/src/font/lv_font_montserrat_10.o
LOAD ./lvgl/src/font/lv_font_montserrat_12.o
LOAD ./lvgl/src/font/lv_font_montserrat_12_subpx.o
LOAD ./lvgl/src/font/lv_font_montserrat_14.o
LOAD ./lvgl/src/font/lv_font_montserrat_16.o
LOAD ./lvgl/src/font/lv_font_montserrat_18.o
LOAD ./lvgl/src/font/lv_font_montserrat_20.o
LOAD ./lvgl/src/font/lv_font_montserrat_22.o
LOAD ./lvgl/src/font/lv_font_montserrat_24.o
LOAD ./lvgl/src/font/lv_font_montserrat_26.o
LOAD ./lvgl/src/font/lv_font_montserrat_28.o
LOAD ./lvgl/src/font/lv_font_montserrat_28_compressed.o
LOAD ./lvgl/src/font/lv_font_montserrat_30.o
LOAD ./lvgl/src/font/lv_font_montserrat_32.o
LOAD ./lvgl/src/font/lv_font_montserrat_34.o
LOAD ./lvgl/src/font/lv_font_montserrat_36.o
LOAD ./lvgl/src/font/lv_font_montserrat_38.o
LOAD ./lvgl/src/font/lv_font_montserrat_40.o
LOAD ./lvgl/src/font/lv_font_montserrat_42.o
LOAD ./lvgl/src/font/lv_font_montserrat_44.o
LOAD ./lvgl/src/font/lv_font_montserrat_46.o
LOAD ./lvgl/src/font/lv_font_montserrat_48.o
LOAD ./lvgl/src/font/lv_font_montserrat_8.o
LOAD ./lvgl/src/font/lv_font_simsun_16_cjk.o
LOAD ./lvgl/src/font/lv_font_unscii_16.o
LOAD ./lvgl/src/font/lv_font_unscii_8.o
LOAD ./lvgl/src/hal/lv_hal_disp.o
LOAD ./lvgl/src/hal/lv_hal_indev.o
LOAD ./lvgl/src/hal/lv_hal_tick.o
LOAD ./lvgl/src/misc/lv_anim.o
LOAD ./lvgl/src/misc/lv_anim_timeline.o
LOAD ./lvgl/src/misc/lv_area.o
LOAD ./lvgl/src/misc/lv_async.o
LOAD ./lvgl/src/misc/lv_bidi.o
LOAD ./lvgl/src/misc/lv_color.o
LOAD ./lvgl/src/misc/lv_fs.o
LOAD ./lvgl/src/misc/lv_gc.o
LOAD ./lvgl/src/misc/lv_ll.o
LOAD ./lvgl/src/misc/lv_log.o
LOAD ./lvgl/src/misc/lv_lru.o
LOAD ./lvgl/src/misc/lv_math.o
LOAD ./lvgl/src/misc/lv_mem.o
LOAD ./lvgl/src/misc/lv_printf.o
LOAD ./lvgl/src/misc/lv_style.o
LOAD ./lvgl/src/misc/lv_style_gen.o
LOAD ./lvgl/src/misc/lv_templ.o
LOAD ./lvgl/src/misc/lv_timer.o
LOAD ./lvgl/src/misc/lv_tlsf.o
LOAD ./lvgl/src/misc/lv_txt.o
LOAD ./lvgl/src/misc/lv_txt_ap.o
LOAD ./lvgl/src/misc/lv_utils.o
LOAD ./lvgl/src/widgets/lv_arc.o
LOAD ./lvgl/src/widgets/lv_bar.o
LOAD ./lvgl/src/widgets/lv_btn.o
LOAD ./lvgl/src/widgets/lv_btnmatrix.o
LOAD ./lvgl/src/widgets/lv_canvas.o
LOAD ./lvgl/src/widgets/lv_checkbox.o
LOAD ./lvgl/src/widgets/lv_dropdown.o
LOAD ./lvgl/src/widgets/lv_img.o
LOAD ./lvgl/src/widgets/lv_label.o
LOAD ./lvgl/src/widgets/lv_line.o
LOAD ./lvgl/src/widgets/lv_objx_templ.o
LOAD ./lvgl/src/widgets/lv_roller.o
LOAD ./lvgl/src/widgets/lv_slider.o
LOAD ./lvgl/src/widgets/lv_switch.o
LOAD ./lvgl/src/widgets/lv_table.o
LOAD ./lvgl/src/widgets/lv_textarea.o
START GROUP
LOAD D:/STM32_CubeIDE/STM32CubeIDE_1.18.0/STM32CubeIDE/plugins/com.st.stm32cube.ide.mcu.externaltools.gnu-tools-for-stm32.13.3.rel1.win32_1.0.100.202509120712/tools/bin/../lib/gcc/arm-none-eabi/13.3.1/../../../../arm-none-eabi/lib/thumb/v7e-m+fp/hard\libc_nano.a
LOAD D:/STM32_CubeIDE/STM32CubeIDE_1.18.0/STM32CubeIDE/plugins/com.st.stm32cube.ide.mcu.externaltools.gnu-tools-for-stm32.13.3.rel1.win32_1.0.100.202509120712/tools/bin/../lib/gcc/arm-none-eabi/13.3.1/../../../../arm-none-eabi/lib/thumb/v7e-m+fp/hard\libm.a
END GROUP
START GROUP
LOAD D:/STM32_CubeIDE/STM32CubeIDE_1.18.0/STM32CubeIDE/plugins/com.st.stm32cube.ide.mcu.externaltools.gnu-tools-for-stm32.13.3.rel1.win32_1.0.100.202509120712/tools/bin/../lib/gcc/arm-none-eabi/13.3.1/thumb/v7e-m+fp/hard\libgcc.a
LOAD D:/STM32_CubeIDE/STM32CubeIDE_1.18.0/STM32CubeIDE/plugins/com.st.stm32cube.ide.mcu.externaltools.gnu-tools-for-stm32.13.3.rel1.win32_1.0.100.202509120712/tools/bin/../lib/gcc/arm-none-eabi/13.3.1/../../../../arm-none-eabi/lib/thumb/v7e-m+fp/hard\libc_nano.a
END GROUP
START GROUP
LOAD D:/STM32_CubeIDE/STM32CubeIDE_1.18.0/STM32CubeIDE/plugins/com.st.stm32cube.ide.mcu.externaltools.gnu-tools-for-stm32.13.3.rel1.win32_1.0.100.202509120712/tools/bin/../lib/gcc/arm-none-eabi/13.3.1/thumb/v7e-m+fp/hard\libgcc.a
LOAD D:/STM32_CubeIDE/STM32CubeIDE_1.18.0/STM32CubeIDE/plugins/com.st.stm32cube.ide.mcu.externaltools.gnu-tools-for-stm32.13.3.rel1.win32_1.0.100.202509120712/tools/bin/../lib/gcc/arm-none-eabi/13.3.1/../../../../arm-none-eabi/lib/thumb/v7e-m+fp/hard\libc_nano.a
LOAD D:/STM32_CubeIDE/STM32CubeIDE_1.18.0/STM32CubeIDE/plugins/com.st.stm32cube.ide.mcu.externaltools.gnu-tools-for-stm32.13.3.rel1.win32_1.0.100.202509120712/tools/bin/../lib/gcc/arm-none-eabi/13.3.1/../../../../arm-none-eabi/lib/thumb/v7e-m+fp/hard\libnosys.a
END GROUP
START GROUP
LOAD D:/STM32_CubeIDE/STM32CubeIDE_1.18.0/STM32CubeIDE/plugins/com.st.stm32cube.ide.mcu.externaltools.gnu-tools-for-stm32.13.3.rel1.win32_1.0.100.202509120712/tools/bin/../lib/gcc/arm-none-eabi/13.3.1/thumb/v7e-m+fp/hard\libgcc.a
LOAD D:/STM32_CubeIDE/STM32CubeIDE_1.18.0/STM32CubeIDE/plugins/com.st.stm32cube.ide.mcu.externaltools.gnu-tools-for-stm32.13.3.rel1.win32_1.0.100.202509120712/tools/bin/../lib/gcc/arm-none-eabi/13.3.1/../../../../arm-none-eabi/lib/thumb/v7e-m+fp/hard\libc_nano.a
LOAD D:/STM32_CubeIDE/STM32CubeIDE_1.18.0/STM32CubeIDE/plugins/com.st.stm32cube.ide.mcu.externaltools.gnu-tools-for-stm32.13.3.rel1.win32_1.0.100.202509120712/tools/bin/../lib/gcc/arm-none-eabi/13.3.1/../../../../arm-none-eabi/lib/thumb/v7e-m+fp/hard\libnosys.a
END GROUP
LOAD D:/STM32_CubeIDE/STM32CubeIDE_1.18.0/STM32CubeIDE/plugins/com.st.stm32cube.ide.mcu.externaltools.gnu-tools-for-stm32.13.3.rel1.win32_1.0.100.202509120712/tools/bin/../lib/gcc/arm-none-eabi/13.3.1/thumb/v7e-m+fp/hard/crtend.o
LOAD D:/STM32_CubeIDE/STM32CubeIDE_1.18.0/STM32CubeIDE/plugins/com.st.stm32cube.ide.mcu.externaltools.gnu-tools-for-stm32.13.3.rel1.win32_1.0.100.202509120712/tools/bin/../lib/gcc/arm-none-eabi/13.3.1/thumb/v7e-m+fp/hard/crtn.o
                0x20008000                        _estack = (ORIGIN (RAM) + LENGTH (RAM))
                0x00001000                        _Min_Heap_Size = 0x1000
                0x00001000                        _Min_Stack_Size = 0x1000

.isr_vector     0x08000000      0x188
                0x08000000                        . = ALIGN (0x4)
 *(.isr_vector)
 .isr_vector    0x08000000      0x188 ./Core/Startup/startup_stm32f407vetx.o
                0x08000000                g_pfnVectors
                0x08000188                        . = ALIGN (0x4)

.text           0x08000190    0x2aabc
                0x08000190                        . = ALIGN (0x4)
 *(.text)
 .text          0x08000190       0x40 D:/STM32_CubeIDE/STM32CubeIDE_1.18.0/STM32CubeIDE/plugins/com.st.stm32cube.ide.mcu.externaltools.gnu-tools-for-stm32.13.3.rel1.win32_1.0.100.202509120712/tools/bin/../lib/gcc/arm-none-eabi/13.3.1/thumb/v7e-m+fp/hard/crtbegin.o
 .text          0x080001d0       0x14 D:/STM32_CubeIDE/STM32CubeIDE_1.18.0/STM32CubeIDE/plugins/com.st.stm32cube.ide.mcu.externaltools.gnu-tools-for-stm32.13.3.rel1.win32_1.0.100.202509120712/tools/bin/../lib/gcc/arm-none-eabi/13.3.1/../../../../arm-none-eabi/lib/thumb/v7e-m+fp/hard\libc_nano.a(libc_a-strcmp.o)
                0x080001d0                strcmp
 .text          0x080001e4       0x10 D:/STM32_CubeIDE/STM32CubeIDE_1.18.0/STM32CubeIDE/plugins/com.st.stm32cube.ide.mcu.externaltools.gnu-tools-for-stm32.13.3.rel1.win32_1.0.100.202509120712/tools/bin/../lib/gcc/arm-none-eabi/13.3.1/../../../../arm-none-eabi/lib/thumb/v7e-m+fp/hard\libc_nano.a(libc_a-strlen.o)
                0x080001e4                strlen
 *fill*         0x080001f4        0xc 
 .text          0x08000200       0xa0 D:/STM32_CubeIDE/STM32CubeIDE_1.18.0/STM32CubeIDE/plugins/com.st.stm32cube.ide.mcu.externaltools.gnu-tools-for-stm32.13.3.rel1.win32_1.0.100.202509120712/tools/bin/../lib/gcc/arm-none-eabi/13.3.1/../../../../arm-none-eabi/lib/thumb/v7e-m+fp/hard\libc_nano.a(libc_a-memchr.o)
                0x08000200                memchr
 .text          0x080002a0       0x30 D:/STM32_CubeIDE/STM32CubeIDE_1.18.0/STM32CubeIDE/plugins/com.st.stm32cube.ide.mcu.externaltools.gnu-tools-for-stm32.13.3.rel1.win32_1.0.100.202509120712/tools/bin/../lib/gcc/arm-none-eabi/13.3.1/thumb/v7e-m+fp/hard\libgcc.a(_aeabi_uldivmod.o)
                0x080002a0                __aeabi_uldivmod
 .text          0x080002d0      0x2f8 D:/STM32_CubeIDE/STM32CubeIDE_1.18.0/STM32CubeIDE/plugins/com.st.stm32cube.ide.mcu.externaltools.gnu-tools-for-stm32.13.3.rel1.win32_1.0.100.202509120712/tools/bin/../lib/gcc/arm-none-eabi/13.3.1/thumb/v7e-m+fp/hard\libgcc.a(_udivmoddi4.o)
                0x080002d0                __udivmoddi4
 .text          0x080005c8        0x4 D:/STM32_CubeIDE/STM32CubeIDE_1.18.0/STM32CubeIDE/plugins/com.st.stm32cube.ide.mcu.externaltools.gnu-tools-for-stm32.13.3.rel1.win32_1.0.100.202509120712/tools/bin/../lib/gcc/arm-none-eabi/13.3.1/thumb/v7e-m+fp/hard\libgcc.a(_dvmd_tls.o)
                0x080005c8                __aeabi_idiv0
                0x080005c8                __aeabi_ldiv0
 *(.text*)
 .text.MX_ADC1_Init
                0x080005cc       0xbc ./Core/Src/adc.o
                0x080005cc                MX_ADC1_Init
 .text.HAL_ADC_MspInit
                0x08000688       0xcc ./Core/Src/adc.o
                0x08000688                HAL_ADC_MspInit
 .text.MX_DMA_Init
                0x08000754       0xa8 ./Core/Src/dma.o
                0x08000754                MX_DMA_Init
 .text.MX_GPIO_Init
                0x080007fc      0x25c ./Core/Src/gpio.o
                0x080007fc                MX_GPIO_Init
 .text.MX_I2C1_Init
                0x08000a58       0x40 ./Core/Src/i2c.o
                0x08000a58                MX_I2C1_Init
 .text.HAL_I2C_MspInit
                0x08000a98       0xf0 ./Core/Src/i2c.o
                0x08000a98                HAL_I2C_MspInit
 .text.SystemClock_Config
                0x08000b88       0xa0 ./Core/Src/main.o
                0x08000b88                SystemClock_Config
 .text.startup.main
                0x08000c28       0x78 ./Core/Src/main.o
                0x08000c28                main
 .text.HAL_GPIO_EXTI_Callback
                0x08000ca0       0x18 ./Core/Src/main.o
                0x08000ca0                HAL_GPIO_EXTI_Callback
 .text.HAL_TIM_PeriodElapsedCallback
                0x08000cb8        0x2 ./Core/Src/main.o
                0x08000cb8                HAL_TIM_PeriodElapsedCallback
 .text.Error_Handler
                0x08000cba        0x4 ./Core/Src/main.o
                0x08000cba                Error_Handler
 *fill*         0x08000cbe        0x2 
 .text.MX_SPI2_Init
                0x08000cc0       0x44 ./Core/Src/spi.o
                0x08000cc0                MX_SPI2_Init
 .text.MX_SPI3_Init
                0x08000d04       0x44 ./Core/Src/spi.o
                0x08000d04                MX_SPI3_Init
 .text.HAL_SPI_MspInit
                0x08000d48      0x1d4 ./Core/Src/spi.o
                0x08000d48                HAL_SPI_MspInit
 .text.HAL_MspInit
                0x08000f1c       0x38 ./Core/Src/stm32f4xx_hal_msp.o
                0x08000f1c                HAL_MspInit
 .text.NMI_Handler
                0x08000f54        0x2 ./Core/Src/stm32f4xx_it.o
                0x08000f54                NMI_Handler
 .text.HardFault_Handler
                0x08000f56        0x8 ./Core/Src/stm32f4xx_it.o
                0x08000f56                HardFault_Handler
 .text.MemManage_Handler
                0x08000f5e        0x2 ./Core/Src/stm32f4xx_it.o
                0x08000f5e                MemManage_Handler
 .text.BusFault_Handler
                0x08000f60        0x2 ./Core/Src/stm32f4xx_it.o
                0x08000f60                BusFault_Handler
 .text.UsageFault_Handler
                0x08000f62        0x2 ./Core/Src/stm32f4xx_it.o
                0x08000f62                UsageFault_Handler
 .text.SVC_Handler
                0x08000f64        0x2 ./Core/Src/stm32f4xx_it.o
                0x08000f64                SVC_Handler
 .text.DebugMon_Handler
                0x08000f66        0x2 ./Core/Src/stm32f4xx_it.o
                0x08000f66                DebugMon_Handler
 .text.PendSV_Handler
                0x08000f68        0x2 ./Core/Src/stm32f4xx_it.o
                0x08000f68                PendSV_Handler
 .text.SysTick_Handler
                0x08000f6a        0x4 ./Core/Src/stm32f4xx_it.o
                0x08000f6a                SysTick_Handler
 .text.EXTI2_IRQHandler
                0x08000f6e        0x6 ./Core/Src/stm32f4xx_it.o
                0x08000f6e                EXTI2_IRQHandler
 .text.EXTI3_IRQHandler
                0x08000f74        0x6 ./Core/Src/stm32f4xx_it.o
                0x08000f74                EXTI3_IRQHandler
 *fill*         0x08000f7a        0x2 
 .text.DMA1_Stream0_IRQHandler
                0x08000f7c        0xc ./Core/Src/stm32f4xx_it.o
                0x08000f7c                DMA1_Stream0_IRQHandler
 .text.DMA1_Stream2_IRQHandler
                0x08000f88        0xc ./Core/Src/stm32f4xx_it.o
                0x08000f88                DMA1_Stream2_IRQHandler
 .text.DMA1_Stream3_IRQHandler
                0x08000f94        0xc ./Core/Src/stm32f4xx_it.o
                0x08000f94                DMA1_Stream3_IRQHandler
 .text.DMA1_Stream4_IRQHandler
                0x08000fa0        0xc ./Core/Src/stm32f4xx_it.o
                0x08000fa0                DMA1_Stream4_IRQHandler
 .text.DMA1_Stream5_IRQHandler
                0x08000fac        0xc ./Core/Src/stm32f4xx_it.o
                0x08000fac                DMA1_Stream5_IRQHandler
 .text.DMA1_Stream6_IRQHandler
                0x08000fb8        0xc ./Core/Src/stm32f4xx_it.o
                0x08000fb8                DMA1_Stream6_IRQHandler
 .text.EXTI9_5_IRQHandler
                0x08000fc4        0x6 ./Core/Src/stm32f4xx_it.o
                0x08000fc4                EXTI9_5_IRQHandler
 .text.EXTI15_10_IRQHandler
                0x08000fca        0x8 ./Core/Src/stm32f4xx_it.o
                0x08000fca                EXTI15_10_IRQHandler
 *fill*         0x08000fd2        0x2 
 .text.TIM7_IRQHandler
                0x08000fd4        0xc ./Core/Src/stm32f4xx_it.o
                0x08000fd4                TIM7_IRQHandler
 .text.DMA2_Stream0_IRQHandler
                0x08000fe0        0xc ./Core/Src/stm32f4xx_it.o
                0x08000fe0                DMA2_Stream0_IRQHandler
 .text._sbrk    0x08000fec       0x40 ./Core/Src/sysmem.o
                0x08000fec                _sbrk
 .text.SystemInit
                0x0800102c       0x14 ./Core/Src/system_stm32f4xx.o
                0x0800102c                SystemInit
 .text.MX_TIM7_Init
                0x08001040       0x4c ./Core/Src/tim.o
                0x08001040                MX_TIM7_Init
 .text.HAL_TIM_Base_MspInit
                0x0800108c       0x68 ./Core/Src/tim.o
                0x0800108c                HAL_TIM_Base_MspInit
 .text.HAL_TIM_MspPostInit
                0x080010f4       0x54 ./Core/Src/tim.o
                0x080010f4                HAL_TIM_MspPostInit
 .text.MX_TIM4_Init
                0x08001148       0xa4 ./Core/Src/tim.o
                0x08001148                MX_TIM4_Init
 .text.MX_USART3_UART_Init
                0x080011ec       0x38 ./Core/Src/usart.o
                0x080011ec                MX_USART3_UART_Init
 .text.HAL_UART_MspInit
                0x08001224       0x6c ./Core/Src/usart.o
                0x08001224                HAL_UART_MspInit
 .text.Reset_Handler
                0x08001290       0x50 ./Core/Startup/startup_stm32f407vetx.o
                0x08001290                Reset_Handler
 .text.Default_Handler
                0x080012e0        0x2 ./Core/Startup/startup_stm32f407vetx.o
                0x080012e0                RTC_Alarm_IRQHandler
                0x080012e0                HASH_RNG_IRQHandler
                0x080012e0                TIM8_CC_IRQHandler
                0x080012e0                TIM1_CC_IRQHandler
                0x080012e0                DMA2_Stream5_IRQHandler
                0x080012e0                PVD_IRQHandler
                0x080012e0                SDIO_IRQHandler
                0x080012e0                TAMP_STAMP_IRQHandler
                0x080012e0                CAN2_RX1_IRQHandler
                0x080012e0                TIM8_TRG_COM_TIM14_IRQHandler
                0x080012e0                TIM1_UP_TIM10_IRQHandler
                0x080012e0                TIM8_UP_TIM13_IRQHandler
                0x080012e0                I2C3_ER_IRQHandler
                0x080012e0                EXTI0_IRQHandler
                0x080012e0                I2C2_EV_IRQHandler
                0x080012e0                CAN1_RX0_IRQHandler
                0x080012e0                FPU_IRQHandler
                0x080012e0                OTG_HS_WKUP_IRQHandler
                0x080012e0                CAN2_SCE_IRQHandler
                0x080012e0                DMA2_Stream2_IRQHandler
                0x080012e0                SPI1_IRQHandler
                0x080012e0                TIM6_DAC_IRQHandler
                0x080012e0                TIM1_BRK_TIM9_IRQHandler
                0x080012e0                DCMI_IRQHandler
                0x080012e0                CAN2_RX0_IRQHandler
                0x080012e0                DMA2_Stream3_IRQHandler
                0x080012e0                USART6_IRQHandler
                0x080012e0                USART3_IRQHandler
                0x080012e0                CAN1_RX1_IRQHandler
                0x080012e0                UART5_IRQHandler
                0x080012e0                TIM4_IRQHandler
                0x080012e0                I2C1_EV_IRQHandler
                0x080012e0                DMA1_Stream1_IRQHandler
                0x080012e0                UART4_IRQHandler
                0x080012e0                TIM3_IRQHandler
                0x080012e0                RCC_IRQHandler
                0x080012e0                TIM8_BRK_TIM12_IRQHandler
                0x080012e0                Default_Handler
                0x080012e0                ADC_IRQHandler
                0x080012e0                DMA1_Stream7_IRQHandler
                0x080012e0                CAN2_TX_IRQHandler
                0x080012e0                TIM5_IRQHandler
                0x080012e0                DMA2_Stream7_IRQHandler
                0x080012e0                I2C3_EV_IRQHandler
                0x080012e0                RTC_WKUP_IRQHandler
                0x080012e0                ETH_WKUP_IRQHandler
                0x080012e0                SPI2_IRQHandler
                0x080012e0                OTG_HS_EP1_IN_IRQHandler
                0x080012e0                CAN1_TX_IRQHandler
                0x080012e0                EXTI4_IRQHandler
                0x080012e0                FSMC_IRQHandler
                0x080012e0                ETH_IRQHandler
                0x080012e0                OTG_HS_EP1_OUT_IRQHandler
                0x080012e0                WWDG_IRQHandler
                0x080012e0                TIM2_IRQHandler
                0x080012e0                OTG_FS_WKUP_IRQHandler
                0x080012e0                TIM1_TRG_COM_TIM11_IRQHandler
                0x080012e0                OTG_HS_IRQHandler
                0x080012e0                EXTI1_IRQHandler
                0x080012e0                USART2_IRQHandler
                0x080012e0                I2C2_ER_IRQHandler
                0x080012e0                DMA2_Stream1_IRQHandler
                0x080012e0                CAN1_SCE_IRQHandler
                0x080012e0                FLASH_IRQHandler
                0x080012e0                DMA2_Stream4_IRQHandler
                0x080012e0                USART1_IRQHandler
                0x080012e0                OTG_FS_IRQHandler
                0x080012e0                SPI3_IRQHandler
                0x080012e0                I2C1_ER_IRQHandler
                0x080012e0                DMA2_Stream6_IRQHandler
 *fill*         0x080012e2        0x2 
 .text.HAL_InitTick
                0x080012e4       0x48 ./Drivers/STM32F4xx_HAL_Driver/Src/stm32f4xx_hal.o
                0x080012e4                HAL_InitTick
 .text.HAL_Init
                0x0800132c       0x34 ./Drivers/STM32F4xx_HAL_Driver/Src/stm32f4xx_hal.o
                0x0800132c                HAL_Init
 .text.HAL_IncTick
                0x08001360       0x18 ./Drivers/STM32F4xx_HAL_Driver/Src/stm32f4xx_hal.o
                0x08001360                HAL_IncTick
 .text.HAL_GetTick
                0x08001378        0xc ./Drivers/STM32F4xx_HAL_Driver/Src/stm32f4xx_hal.o
                0x08001378                HAL_GetTick
 .text.HAL_Delay
                0x08001384       0x28 ./Drivers/STM32F4xx_HAL_Driver/Src/stm32f4xx_hal.o
                0x08001384                HAL_Delay
 .text.HAL_ADC_Init
                0x080013ac      0x14c ./Drivers/STM32F4xx_HAL_Driver/Src/stm32f4xx_hal_adc.o
                0x080013ac                HAL_ADC_Init
 .text.HAL_ADC_Start_DMA
                0x080014f8      0x148 ./Drivers/STM32F4xx_HAL_Driver/Src/stm32f4xx_hal_adc.o
                0x080014f8                HAL_ADC_Start_DMA
 .text.HAL_ADC_ConvHalfCpltCallback
                0x08001640        0x2 ./Drivers/STM32F4xx_HAL_Driver/Src/stm32f4xx_hal_adc.o
                0x08001640                HAL_ADC_ConvHalfCpltCallback
 .text.ADC_DMAHalfConvCplt
                0x08001642        0xa ./Drivers/STM32F4xx_HAL_Driver/Src/stm32f4xx_hal_adc.o
 .text.HAL_ADC_ErrorCallback
                0x0800164c        0x2 ./Drivers/STM32F4xx_HAL_Driver/Src/stm32f4xx_hal_adc.o
                0x0800164c                HAL_ADC_ErrorCallback
 .text.ADC_DMAError
                0x0800164e       0x16 ./Drivers/STM32F4xx_HAL_Driver/Src/stm32f4xx_hal_adc.o
 .text.ADC_DMAConvCplt
                0x08001664       0x6c ./Drivers/STM32F4xx_HAL_Driver/Src/stm32f4xx_hal_adc.o
 .text.HAL_ADC_ConfigChannel
                0x080016d0      0x120 ./Drivers/STM32F4xx_HAL_Driver/Src/stm32f4xx_hal_adc.o
                0x080016d0                HAL_ADC_ConfigChannel
 .text.HAL_NVIC_SetPriorityGrouping
                0x080017f0       0x24 ./Drivers/STM32F4xx_HAL_Driver/Src/stm32f4xx_hal_cortex.o
                0x080017f0                HAL_NVIC_SetPriorityGrouping
 .text.HAL_NVIC_SetPriority
                0x08001814       0x64 ./Drivers/STM32F4xx_HAL_Driver/Src/stm32f4xx_hal_cortex.o
                0x08001814                HAL_NVIC_SetPriority
 .text.HAL_NVIC_EnableIRQ
                0x08001878       0x1c ./Drivers/STM32F4xx_HAL_Driver/Src/stm32f4xx_hal_cortex.o
                0x08001878                HAL_NVIC_EnableIRQ
 .text.HAL_SYSTICK_Config
                0x08001894       0x28 ./Drivers/STM32F4xx_HAL_Driver/Src/stm32f4xx_hal_cortex.o
                0x08001894                HAL_SYSTICK_Config
 .text.DMA_CalcBaseAndBitshift
                0x080018bc       0x2c ./Drivers/STM32F4xx_HAL_Driver/Src/stm32f4xx_hal_dma.o
 .text.HAL_DMA_Init
                0x080018e8       0xfc ./Drivers/STM32F4xx_HAL_Driver/Src/stm32f4xx_hal_dma.o
                0x080018e8                HAL_DMA_Init
 .text.HAL_DMA_Start_IT
                0x080019e4       0x72 ./Drivers/STM32F4xx_HAL_Driver/Src/stm32f4xx_hal_dma.o
                0x080019e4                HAL_DMA_Start_IT
 *fill*         0x08001a56        0x2 
 .text.HAL_DMA_IRQHandler
                0x08001a58      0x17c ./Drivers/STM32F4xx_HAL_Driver/Src/stm32f4xx_hal_dma.o
                0x08001a58                HAL_DMA_IRQHandler
 .text.HAL_GPIO_Init
                0x08001bd4      0x1b0 ./Drivers/STM32F4xx_HAL_Driver/Src/stm32f4xx_hal_gpio.o
                0x08001bd4                HAL_GPIO_Init
 .text.HAL_GPIO_ReadPin
                0x08001d84        0xc ./Drivers/STM32F4xx_HAL_Driver/Src/stm32f4xx_hal_gpio.o
                0x08001d84                HAL_GPIO_ReadPin
 .text.HAL_GPIO_WritePin
                0x08001d90        0xa ./Drivers/STM32F4xx_HAL_Driver/Src/stm32f4xx_hal_gpio.o
                0x08001d90                HAL_GPIO_WritePin
 *fill*         0x08001d9a        0x2 
 .text.HAL_GPIO_EXTI_IRQHandler
                0x08001d9c       0x18 ./Drivers/STM32F4xx_HAL_Driver/Src/stm32f4xx_hal_gpio.o
                0x08001d9c                HAL_GPIO_EXTI_IRQHandler
 .text.I2C_IsAcknowledgeFailed
                0x08001db4       0x34 ./Drivers/STM32F4xx_HAL_Driver/Src/stm32f4xx_hal_i2c.o
 .text.I2C_WaitOnFlagUntilTimeout
                0x08001de8       0x80 ./Drivers/STM32F4xx_HAL_Driver/Src/stm32f4xx_hal_i2c.o
 .text.I2C_WaitOnMasterAddressFlagUntilTimeout
                0x08001e68       0x84 ./Drivers/STM32F4xx_HAL_Driver/Src/stm32f4xx_hal_i2c.o
 .text.I2C_WaitOnTXEFlagUntilTimeout
                0x08001eec       0x54 ./Drivers/STM32F4xx_HAL_Driver/Src/stm32f4xx_hal_i2c.o
 .text.I2C_RequestMemoryWrite
                0x08001f40       0xb4 ./Drivers/STM32F4xx_HAL_Driver/Src/stm32f4xx_hal_i2c.o
 .text.I2C_RequestMemoryRead
                0x08001ff4      0x104 ./Drivers/STM32F4xx_HAL_Driver/Src/stm32f4xx_hal_i2c.o
 .text.I2C_WaitOnBTFFlagUntilTimeout
                0x080020f8       0x54 ./Drivers/STM32F4xx_HAL_Driver/Src/stm32f4xx_hal_i2c.o
 .text.I2C_WaitOnRXNEFlagUntilTimeout
                0x0800214c       0x66 ./Drivers/STM32F4xx_HAL_Driver/Src/stm32f4xx_hal_i2c.o
 *fill*         0x080021b2        0x2 
 .text.HAL_I2C_Init
                0x080021b4      0x150 ./Drivers/STM32F4xx_HAL_Driver/Src/stm32f4xx_hal_i2c.o
                0x080021b4                HAL_I2C_Init
 .text.HAL_I2C_Mem_Write
                0x08002304      0x120 ./Drivers/STM32F4xx_HAL_Driver/Src/stm32f4xx_hal_i2c.o
                0x08002304                HAL_I2C_Mem_Write
 .text.HAL_I2C_Mem_Read
                0x08002424      0x220 ./Drivers/STM32F4xx_HAL_Driver/Src/stm32f4xx_hal_i2c.o
                0x08002424                HAL_I2C_Mem_Read
 .text.HAL_PWR_EnableBkUpAccess
                0x08002644       0x1c ./Drivers/STM32F4xx_HAL_Driver/Src/stm32f4xx_hal_pwr.o
                0x08002644                HAL_PWR_EnableBkUpAccess
 .text.HAL_PWREx_EnableBkUpReg
                0x08002660       0x34 ./Drivers/STM32F4xx_HAL_Driver/Src/stm32f4xx_hal_pwr_ex.o
                0x08002660                HAL_PWREx_EnableBkUpReg
 .text.HAL_RCC_OscConfig
                0x08002694      0x35c ./Drivers/STM32F4xx_HAL_Driver/Src/stm32f4xx_hal_rcc.o
                0x08002694                HAL_RCC_OscConfig
 .text.HAL_RCC_GetSysClockFreq
                0x080029f0       0x5c ./Drivers/STM32F4xx_HAL_Driver/Src/stm32f4xx_hal_rcc.o
                0x080029f0                HAL_RCC_GetSysClockFreq
 .text.HAL_RCC_ClockConfig
                0x08002a4c      0x134 ./Drivers/STM32F4xx_HAL_Driver/Src/stm32f4xx_hal_rcc.o
                0x08002a4c                HAL_RCC_ClockConfig
 .text.HAL_RCC_GetPCLK1Freq
                0x08002b80       0x20 ./Drivers/STM32F4xx_HAL_Driver/Src/stm32f4xx_hal_rcc.o
                0x08002b80                HAL_RCC_GetPCLK1Freq
 .text.HAL_RCC_GetPCLK2Freq
                0x08002ba0       0x20 ./Drivers/STM32F4xx_HAL_Driver/Src/stm32f4xx_hal_rcc.o
                0x08002ba0                HAL_RCC_GetPCLK2Freq
 .text.SPI_WaitFlagStateUntilTimeout
                0x08002bc0       0xb8 ./Drivers/STM32F4xx_HAL_Driver/Src/stm32f4xx_hal_spi.o
 .text.SPI_EndRxTxTransaction
                0x08002c78       0x78 ./Drivers/STM32F4xx_HAL_Driver/Src/stm32f4xx_hal_spi.o
 .text.SPI_EndRxTransaction
                0x08002cf0       0x5c ./Drivers/STM32F4xx_HAL_Driver/Src/stm32f4xx_hal_spi.o
 .text.HAL_SPI_Init
                0x08002d4c       0xb8 ./Drivers/STM32F4xx_HAL_Driver/Src/stm32f4xx_hal_spi.o
                0x08002d4c                HAL_SPI_Init
 .text.HAL_SPI_Transmit
                0x08002e04      0x160 ./Drivers/STM32F4xx_HAL_Driver/Src/stm32f4xx_hal_spi.o
                0x08002e04                HAL_SPI_Transmit
 .text.HAL_SPI_TransmitReceive
                0x08002f64      0x1f8 ./Drivers/STM32F4xx_HAL_Driver/Src/stm32f4xx_hal_spi.o
                0x08002f64                HAL_SPI_TransmitReceive
 .text.HAL_SPI_Receive
                0x0800315c      0x146 ./Drivers/STM32F4xx_HAL_Driver/Src/stm32f4xx_hal_spi.o
                0x0800315c                HAL_SPI_Receive
 *fill*         0x080032a2        0x2 
 .text.HAL_SPI_Transmit_DMA
                0x080032a4       0xc0 ./Drivers/STM32F4xx_HAL_Driver/Src/stm32f4xx_hal_spi.o
                0x080032a4                HAL_SPI_Transmit_DMA
 .text.HAL_SPI_TxHalfCpltCallback
                0x08003364        0x2 ./Drivers/STM32F4xx_HAL_Driver/Src/stm32f4xx_hal_spi.o
                0x08003364                HAL_SPI_TxHalfCpltCallback
 .text.SPI_DMAHalfTransmitCplt
                0x08003366        0xa ./Drivers/STM32F4xx_HAL_Driver/Src/stm32f4xx_hal_spi.o
 .text.HAL_SPI_ErrorCallback
                0x08003370        0x2 ./Drivers/STM32F4xx_HAL_Driver/Src/stm32f4xx_hal_spi.o
                0x08003370                HAL_SPI_ErrorCallback
 .text.SPI_DMAError
                0x08003372       0x22 ./Drivers/STM32F4xx_HAL_Driver/Src/stm32f4xx_hal_spi.o
 .text.SPI_DMATransmitCplt
                0x08003394       0x6a ./Drivers/STM32F4xx_HAL_Driver/Src/stm32f4xx_hal_spi.o
 *fill*         0x080033fe        0x2 
 .text.TIM_OC1_SetConfig
                0x08003400       0x58 ./Drivers/STM32F4xx_HAL_Driver/Src/stm32f4xx_hal_tim.o
 .text.TIM_OC3_SetConfig
                0x08003458       0x5c ./Drivers/STM32F4xx_HAL_Driver/Src/stm32f4xx_hal_tim.o
 .text.TIM_OC4_SetConfig
                0x080034b4       0x4c ./Drivers/STM32F4xx_HAL_Driver/Src/stm32f4xx_hal_tim.o
 .text.HAL_TIM_Base_Start_IT
                0x08003500       0x74 ./Drivers/STM32F4xx_HAL_Driver/Src/stm32f4xx_hal_tim.o
                0x08003500                HAL_TIM_Base_Start_IT
 .text.HAL_TIM_PWM_MspInit
                0x08003574        0x2 ./Drivers/STM32F4xx_HAL_Driver/Src/stm32f4xx_hal_tim.o
                0x08003574                HAL_TIM_PWM_MspInit
 .text.HAL_TIM_OC_DelayElapsedCallback
                0x08003576        0x2 ./Drivers/STM32F4xx_HAL_Driver/Src/stm32f4xx_hal_tim.o
                0x08003576                HAL_TIM_OC_DelayElapsedCallback
 .text.HAL_TIM_IC_CaptureCallback
                0x08003578        0x2 ./Drivers/STM32F4xx_HAL_Driver/Src/stm32f4xx_hal_tim.o
                0x08003578                HAL_TIM_IC_CaptureCallback
 .text.HAL_TIM_PWM_PulseFinishedCallback
                0x0800357a        0x2 ./Drivers/STM32F4xx_HAL_Driver/Src/stm32f4xx_hal_tim.o
                0x0800357a                HAL_TIM_PWM_PulseFinishedCallback
 .text.HAL_TIM_TriggerCallback
                0x0800357c        0x2 ./Drivers/STM32F4xx_HAL_Driver/Src/stm32f4xx_hal_tim.o
                0x0800357c                HAL_TIM_TriggerCallback
 .text.HAL_TIM_IRQHandler
                0x0800357e      0x128 ./Drivers/STM32F4xx_HAL_Driver/Src/stm32f4xx_hal_tim.o
                0x0800357e                HAL_TIM_IRQHandler
 *fill*         0x080036a6        0x2 
 .text.TIM_Base_SetConfig
                0x080036a8       0xa8 ./Drivers/STM32F4xx_HAL_Driver/Src/stm32f4xx_hal_tim.o
                0x080036a8                TIM_Base_SetConfig
 .text.HAL_TIM_Base_Init
                0x08003750       0x58 ./Drivers/STM32F4xx_HAL_Driver/Src/stm32f4xx_hal_tim.o
                0x08003750                HAL_TIM_Base_Init
 .text.HAL_TIM_PWM_Init
                0x080037a8       0x58 ./Drivers/STM32F4xx_HAL_Driver/Src/stm32f4xx_hal_tim.o
                0x080037a8                HAL_TIM_PWM_Init
 .text.TIM_OC2_SetConfig
                0x08003800       0x60 ./Drivers/STM32F4xx_HAL_Driver/Src/stm32f4xx_hal_tim.o
                0x08003800                TIM_OC2_SetConfig
 .text.HAL_TIM_PWM_ConfigChannel
                0x08003860       0xb0 ./Drivers/STM32F4xx_HAL_Driver/Src/stm32f4xx_hal_tim.o
                0x08003860                HAL_TIM_PWM_ConfigChannel
 .text.TIM_ETR_SetConfig
                0x08003910       0x14 ./Drivers/STM32F4xx_HAL_Driver/Src/stm32f4xx_hal_tim.o
                0x08003910                TIM_ETR_SetConfig
 .text.HAL_TIM_ConfigClockSource
                0x08003924      0x132 ./Drivers/STM32F4xx_HAL_Driver/Src/stm32f4xx_hal_tim.o
                0x08003924                HAL_TIM_ConfigClockSource
 .text.TIM_CCxChannelCmd
                0x08003a56       0x1c ./Drivers/STM32F4xx_HAL_Driver/Src/stm32f4xx_hal_tim.o
                0x08003a56                TIM_CCxChannelCmd
 *fill*         0x08003a72        0x2 
 .text.HAL_TIM_OC_Start
                0x08003a74       0xbc ./Drivers/STM32F4xx_HAL_Driver/Src/stm32f4xx_hal_tim.o
                0x08003a74                HAL_TIM_OC_Start
 .text.HAL_TIM_PWM_Start
                0x08003b30        0x4 ./Drivers/STM32F4xx_HAL_Driver/Src/stm32f4xx_hal_tim.o
                0x08003b30                HAL_TIM_PWM_Start
 .text.HAL_TIMEx_MasterConfigSynchronization
                0x08003b34       0x7c ./Drivers/STM32F4xx_HAL_Driver/Src/stm32f4xx_hal_tim_ex.o
                0x08003b34                HAL_TIMEx_MasterConfigSynchronization
 .text.HAL_TIMEx_CommutCallback
                0x08003bb0        0x2 ./Drivers/STM32F4xx_HAL_Driver/Src/stm32f4xx_hal_tim_ex.o
                0x08003bb0                HAL_TIMEx_CommutCallback
 .text.HAL_TIMEx_BreakCallback
                0x08003bb2        0x2 ./Drivers/STM32F4xx_HAL_Driver/Src/stm32f4xx_hal_tim_ex.o
                0x08003bb2                HAL_TIMEx_BreakCallback
 .text.UART_EndRxTransfer
                0x08003bb4       0x5c ./Drivers/STM32F4xx_HAL_Driver/Src/stm32f4xx_hal_uart.o
 .text.UART_SetConfig
                0x08003c10       0xbc ./Drivers/STM32F4xx_HAL_Driver/Src/stm32f4xx_hal_uart.o
 .text.UART_WaitOnFlagUntilTimeout.constprop.0
                0x08003ccc       0x64 ./Drivers/STM32F4xx_HAL_Driver/Src/stm32f4xx_hal_uart.o
 .text.HAL_UART_Init
                0x08003d30       0x5e ./Drivers/STM32F4xx_HAL_Driver/Src/stm32f4xx_hal_uart.o
                0x08003d30                HAL_UART_Init
 .text.HAL_UART_Transmit
                0x08003d8e       0x9c ./Drivers/STM32F4xx_HAL_Driver/Src/stm32f4xx_hal_uart.o
                0x08003d8e                HAL_UART_Transmit
 *fill*         0x08003e2a        0x2 
 .text.ADC_Init
                0x08003e2c       0x80 ./Hardware/ADC.o
                0x08003e2c                ADC_Init
 .text.Joystick_ADC_Get
                0x08003eac      0x134 ./Hardware/ADC.o
                0x08003eac                Joystick_ADC_Get
 .text.HAL_ADC_ConvCpltCallback
                0x08003fe0        0xc ./Hardware/ADC.o
                0x08003fe0                HAL_ADC_ConvCpltCallback
 .text.BackUpSRAM_Init
                0x08003fec       0x54 ./Hardware/BackUpSRAM.o
                0x08003fec                BackUpSRAM_Init
 .text.cmp_ushort
                0x08004040       0x16 ./Hardware/BatteryVoltage.o
 *fill*         0x08004056        0x2 
 .text.median_ushort_qsort
                0x08004058       0x38 ./Hardware/BatteryVoltage.o
 .text.Battery_volatge_Get
                0x08004090       0xcc ./Hardware/BatteryVoltage.o
 .text.Battery_Output_Get
                0x0800415c       0x54 ./Hardware/BatteryVoltage.o
 .text.Battery_Voltage_Get_Callback
                0x080041b0       0x24 ./Hardware/BatteryVoltage.o
                0x080041b0                Battery_Voltage_Get_Callback
 .text.Battery_SamplingValue_Init
                0x080041d4       0x18 ./Hardware/BatteryVoltage.o
                0x080041d4                Battery_SamplingValue_Init
 .text.Battery_Percentage_Get
                0x080041ec       0x84 ./Hardware/BatteryVoltage.o
                0x080041ec                Battery_Percentage_Get
 .text.SPI_ReadWriteByte
                0x08004270       0x30 ./Hardware/NRF24L01.o
 .text.NRF24L01_ReadReg
                0x080042a0       0x38 ./Hardware/NRF24L01.o
                0x080042a0                NRF24L01_ReadReg
 .text.NRF24L01_WriteReg
                0x080042d8       0x3c ./Hardware/NRF24L01.o
                0x080042d8                NRF24L01_WriteReg
 .text.NRF24L01_ReadBuf
                0x08004314       0x44 ./Hardware/NRF24L01.o
                0x08004314                NRF24L01_ReadBuf
 .text.NRF24L01_WriteBuf
                0x08004358       0x48 ./Hardware/NRF24L01.o
                0x08004358                NRF24L01_WriteBuf
 .text.NRF24L01_FlushTX
                0x080043a0       0x2c ./Hardware/NRF24L01.o
                0x080043a0                NRF24L01_FlushTX
 .text.NRF24L01_FlushRX
                0x080043cc       0x2c ./Hardware/NRF24L01.o
                0x080043cc                NRF24L01_FlushRX
 .text.NRF24L01_ReadStatus
                0x080043f8       0x2c ./Hardware/NRF24L01.o
                0x080043f8                NRF24L01_ReadStatus
 .text.NRF24L01_Check
                0x08004424       0xd4 ./Hardware/NRF24L01.o
                0x08004424                NRF24L01_Check
 .text.NRF24L01_Init
                0x080044f8      0x158 ./Hardware/NRF24L01.o
                0x080044f8                NRF24L01_Init
 .text.NRF_EXTI_Callback
                0x08004650       0xcc ./Hardware/NRF24L01.o
                0x08004650                NRF_EXTI_Callback
 .text.log_printf
                0x0800471c       0x48 ./Hardware/UART.o
                0x0800471c                log_printf
 .text.Log_Init
                0x08004764       0x24 ./Hardware/UART.o
                0x08004764                Log_Init
 .text.log_send_loop
                0x08004788       0x44 ./Hardware/UART.o
                0x08004788                log_send_loop
 .text.RingBuffer_Init
                0x080047cc        0xc ./Middleware/RingBuffer.o
                0x080047cc                RingBuffer_Init
 .text.RingBuffer_WriteByte
                0x080047d8       0x2c ./Middleware/RingBuffer.o
                0x080047d8                RingBuffer_WriteByte
 .text.RingBuffer_ReadByte
                0x08004804       0x2e ./Middleware/RingBuffer.o
                0x08004804                RingBuffer_ReadByte
 *fill*         0x08004832        0x2 
 .text.FT6336G_Read_Byte
                0x08004834       0x40 ./Screen_Driver/FT6336G.o
 .text.FT6336G_Send_Byte.isra.0
                0x08004874       0x38 ./Screen_Driver/FT6336G.o
 .text.FT6336G_Init
                0x080048ac       0x7c ./Screen_Driver/FT6336G.o
                0x080048ac                FT6336G_Init
 .text.FT6336G_EXTI_Callback
                0x08004928       0x24 ./Screen_Driver/FT6336G.o
                0x08004928                FT6336G_EXTI_Callback
 .text.FT6336G_GetCoordinate
                0x0800494c       0xc0 ./Screen_Driver/FT6336G.o
                0x0800494c                FT6336G_GetCoordinate
 .text.LCD_Display_Data
                0x08004a0c       0x48 ./Screen_Driver/LCD.o
 .text.LCD_Display_Command
                0x08004a54       0x48 ./Screen_Driver/LCD.o
 .text.LCD_Brightness
                0x08004a9c       0x1c ./Screen_Driver/LCD.o
                0x08004a9c                LCD_Brightness
 .text.LCD_Init
                0x08004ab8      0x2c8 ./Screen_Driver/LCD.o
                0x08004ab8                LCD_Init
 .text.LCD_Set_Page_Cursor
                0x08004d80       0xd4 ./Screen_Driver/LCD.o
                0x08004d80                LCD_Set_Page_Cursor
 .text.LCD_ScreenBuffer_Send
                0x08004e54       0x40 ./Screen_Driver/LCD.o
                0x08004e54                LCD_ScreenBuffer_Send
 .text.SPI_Transmission_ENQueue
                0x08004e94       0x4c ./Screen_Driver/LCD.o
                0x08004e94                SPI_Transmission_ENQueue
 .text.SPI_Transmission_DEQueue
                0x08004ee0       0x38 ./Screen_Driver/LCD.o
                0x08004ee0                SPI_Transmission_DEQueue
 .text.LCD_Apply_ScreenFilling
                0x08004f18       0x20 ./Screen_Driver/LCD.o
                0x08004f18                LCD_Apply_ScreenFilling
 .text.LCD_SPI_TxCpltCallback
                0x08004f38       0x3c ./Screen_Driver/LCD.o
                0x08004f38                LCD_SPI_TxCpltCallback
 .text.HAL_SPI_TxCpltCallback
                0x08004f74        0x4 ./Screen_Driver/SPI_cb.o
                0x08004f74                HAL_SPI_TxCpltCallback
 .text.my_gui_test
                0x08004f78       0x8e ./lvgl/GUI/GUI.o
                0x08004f78                my_gui_test
 *fill*         0x08005006        0x2 
 .text.GUI_GetParameter
                0x08005008        0x8 ./lvgl/GUI/GUI.o
                0x08005008                GUI_GetParameter
 .text.Joystick_Update_TIM_CallBack
                0x08005010       0xcc ./lvgl/GUI/Joystick_Setting.o
 .text.switchB_event_cb
                0x080050dc       0x18 ./lvgl/GUI/Joystick_Setting.o
 .text.switchA_event_cb
                0x080050f4       0x18 ./lvgl/GUI/Joystick_Setting.o
 .text.TileView_JoysticSetting
                0x0800510c      0x270 ./lvgl/GUI/Joystick_Setting.o
                0x0800510c                TileView_JoysticSetting
 .text.Joystick_Swich_EXTI_Callback
                0x0800537c       0x50 ./lvgl/GUI/Joystick_Setting.o
                0x0800537c                Joystick_Swich_EXTI_Callback
 .text.timer_update_ui
                0x080053cc       0xc4 ./lvgl/GUI/LCD&Battery_Setting.o
 .text.TileView_LcdBatterySetting
                0x08005490      0x11c ./lvgl/GUI/LCD&Battery_Setting.o
                0x08005490                TileView_LcdBatterySetting
 .text.lvgl_battery_data_update
                0x080055ac       0x10 ./lvgl/GUI/LCD&Battery_Setting.o
                0x080055ac                lvgl_battery_data_update
 .text.TileView_Ladar_Pointmap
                0x080055bc      0x16c ./lvgl/GUI/Ladar_Point_map.o
                0x080055bc                TileView_Ladar_Pointmap
 .text.state_btn_event_cb
                0x08005728       0x40 ./lvgl/GUI/NRF_Connect_Setting.o
 .text.nrf_btm_event_cb
                0x08005768       0x3c ./lvgl/GUI/NRF_Connect_Setting.o
 .text.TileView_NRFConnectSetting
                0x080057a4      0x168 ./lvgl/GUI/NRF_Connect_Setting.o
                0x080057a4                TileView_NRFConnectSetting
 .text.Switch_btnm_cb
                0x0800590c      0x104 ./lvgl/GUI/PID_Parameter_Setting.o
 .text.sync_button_event_cb
                0x08005a10       0xf0 ./lvgl/GUI/PID_Parameter_Setting.o
 .text.TileView_PidParamSetting
                0x08005b00      0x3e4 ./lvgl/GUI/PID_Parameter_Setting.o
                0x08005b00                TileView_PidParamSetting
 .text.disp_flush
                0x08005ee4       0x20 ./lvgl/examples/porting/lv_port_disp.o
 .text.lv_port_disp_init
                0x08005f04       0x4c ./lvgl/examples/porting/lv_port_disp.o
                0x08005f04                lv_port_disp_init
 .text.touchpad_read
                0x08005f50       0x3c ./lvgl/examples/porting/lv_port_indev.o
 .text.lv_port_indev_init
                0x08005f8c       0x30 ./lvgl/examples/porting/lv_port_indev.o
                0x08005f8c                lv_port_indev_init
 .text.lv_disp_get_scr_act
                0x08005fbc        0xe ./lvgl/src/core/lv_disp.o
                0x08005fbc                lv_disp_get_scr_act
 .text.lv_disp_get_scr_prev
                0x08005fca        0xe ./lvgl/src/core/lv_disp.o
                0x08005fca                lv_disp_get_scr_prev
 .text.lv_disp_get_layer_top
                0x08005fd8        0xe ./lvgl/src/core/lv_disp.o
                0x08005fd8                lv_disp_get_layer_top
 .text.lv_disp_get_layer_sys
                0x08005fe6        0xe ./lvgl/src/core/lv_disp.o
                0x08005fe6                lv_disp_get_layer_sys
 .text.lv_disp_get_theme
                0x08005ff4        0xc ./lvgl/src/core/lv_disp.o
                0x08005ff4                lv_disp_get_theme
 .text.lv_disp_is_invalidation_enabled
                0x08006000       0x18 ./lvgl/src/core/lv_disp.o
                0x08006000                lv_disp_is_invalidation_enabled
 .text.lv_obj_get_event_dsc.isra.0
                0x08006018       0x1a ./lvgl/src/core/lv_event.o
 .text.lv_obj_event_base
                0x08006032       0x2a ./lvgl/src/core/lv_event.o
                0x08006032                lv_obj_event_base
 .text.event_send_core
                0x0800605c      0x120 ./lvgl/src/core/lv_event.o
 .text.lv_event_send
                0x0800617c       0x40 ./lvgl/src/core/lv_event.o
                0x0800617c                lv_event_send
 .text.lv_event_get_target
                0x080061bc        0x4 ./lvgl/src/core/lv_event.o
                0x080061bc                lv_event_get_target
 .text.lv_event_get_current_target
                0x080061c0        0x4 ./lvgl/src/core/lv_event.o
                0x080061c0                lv_event_get_current_target
 .text.lv_event_get_code
                0x080061c4        0x8 ./lvgl/src/core/lv_event.o
                0x080061c4                lv_event_get_code
 .text.lv_event_get_param
                0x080061cc        0x4 ./lvgl/src/core/lv_event.o
                0x080061cc                lv_event_get_param
 .text.lv_event_get_user_data
                0x080061d0        0x4 ./lvgl/src/core/lv_event.o
                0x080061d0                lv_event_get_user_data
 .text._lv_event_mark_deleted
                0x080061d4       0x24 ./lvgl/src/core/lv_event.o
                0x080061d4                _lv_event_mark_deleted
 .text.lv_obj_add_event_cb
                0x080061f8       0x60 ./lvgl/src/core/lv_event.o
                0x080061f8                lv_obj_add_event_cb
 .text.lv_event_get_indev
                0x08006258        0xe ./lvgl/src/core/lv_event.o
                0x08006258                lv_event_get_indev
 .text.lv_event_get_draw_ctx
                0x08006266        0xe ./lvgl/src/core/lv_event.o
                0x08006266                lv_event_get_draw_ctx
 .text.lv_event_set_ext_draw_size
                0x08006274       0x18 ./lvgl/src/core/lv_event.o
                0x08006274                lv_event_set_ext_draw_size
 .text.get_indev
                0x0800628c       0x4c ./lvgl/src/core/lv_group.o
 .text.focus_next_core
                0x080062d8       0xf0 ./lvgl/src/core/lv_group.o
 .text._lv_group_init
                0x080063c8        0xc ./lvgl/src/core/lv_group.o
                0x080063c8                _lv_group_init
 .text.lv_group_get_default
                0x080063d4        0xc ./lvgl/src/core/lv_group.o
                0x080063d4                lv_group_get_default
 .text.lv_group_focus_next
                0x080063e0       0x28 ./lvgl/src/core/lv_group.o
                0x080063e0                lv_group_focus_next
 .text.lv_group_focus_prev
                0x08006408       0x28 ./lvgl/src/core/lv_group.o
                0x08006408                lv_group_focus_prev
 .text.lv_group_refocus
                0x08006430       0x28 ./lvgl/src/core/lv_group.o
 .text.lv_group_remove_obj
                0x08006458       0x90 ./lvgl/src/core/lv_group.o
                0x08006458                lv_group_remove_obj
 .text.lv_group_add_obj
                0x080064e8       0x72 ./lvgl/src/core/lv_group.o
                0x080064e8                lv_group_add_obj
 .text.lv_group_get_focused
                0x0800655a        0xa ./lvgl/src/core/lv_group.o
                0x0800655a                lv_group_get_focused
 .text.lv_group_send_data
                0x08006564       0x28 ./lvgl/src/core/lv_group.o
                0x08006564                lv_group_send_data
 .text.lv_group_set_editing
                0x0800658c       0x42 ./lvgl/src/core/lv_group.o
                0x0800658c                lv_group_set_editing
 .text.lv_group_focus_obj
                0x080065ce       0x8a ./lvgl/src/core/lv_group.o
                0x080065ce                lv_group_focus_obj
 .text.lv_group_get_editing
                0x08006658        0xa ./lvgl/src/core/lv_group.o
                0x08006658                lv_group_get_editing
 .text.lv_group_get_obj_count
                0x08006662        0x4 ./lvgl/src/core/lv_group.o
                0x08006662                lv_group_get_obj_count
 *fill*         0x08006666        0x2 
 .text.indev_reset_check
                0x08006668       0x18 ./lvgl/src/core/lv_indev.o
 .text.indev_proc_reset_query_handler
                0x08006680       0x34 ./lvgl/src/core/lv_indev.o
 .text.indev_proc_release
                0x080066b4      0x124 ./lvgl/src/core/lv_indev.o
 .text.lv_indev_get_act
                0x080067d8        0xc ./lvgl/src/core/lv_indev.o
                0x080067d8                lv_indev_get_act
 .text.lv_indev_get_type
                0x080067e4        0x8 ./lvgl/src/core/lv_indev.o
                0x080067e4                lv_indev_get_type
 .text.lv_indev_reset
                0x080067ec       0xa0 ./lvgl/src/core/lv_indev.o
                0x080067ec                lv_indev_reset
 .text.lv_indev_reset_long_press
                0x0800688c       0x1a ./lvgl/src/core/lv_indev.o
                0x0800688c                lv_indev_reset_long_press
 .text.lv_indev_get_point
                0x080068a6       0x2c ./lvgl/src/core/lv_indev.o
                0x080068a6                lv_indev_get_point
 .text.lv_indev_get_scroll_dir
                0x080068d2       0x1c ./lvgl/src/core/lv_indev.o
                0x080068d2                lv_indev_get_scroll_dir
 .text.lv_indev_get_scroll_obj
                0x080068ee       0x16 ./lvgl/src/core/lv_indev.o
                0x080068ee                lv_indev_get_scroll_obj
 .text.lv_indev_get_vect
                0x08006904       0x22 ./lvgl/src/core/lv_indev.o
                0x08006904                lv_indev_get_vect
 .text.lv_indev_wait_release
                0x08006926        0xc ./lvgl/src/core/lv_indev.o
                0x08006926                lv_indev_wait_release
 *fill*         0x08006932        0x2 
 .text.lv_indev_get_obj_act
                0x08006934        0xc ./lvgl/src/core/lv_indev.o
                0x08006934                lv_indev_get_obj_act
 .text.lv_indev_search_obj
                0x08006940       0x76 ./lvgl/src/core/lv_indev.o
                0x08006940                lv_indev_search_obj
 *fill*         0x080069b6        0x2 
 .text.indev_proc_press
                0x080069b8      0x364 ./lvgl/src/core/lv_indev.o
 .text.lv_indev_read_timer_cb
                0x08006d1c      0x738 ./lvgl/src/core/lv_indev.o
                0x08006d1c                lv_indev_read_timer_cb
 .text.elastic_diff
                0x08007454      0x17e ./lvgl/src/core/lv_indev_scroll.o
 *fill*         0x080075d2        0x2 
 .text.find_snap_point_x
                0x080075d4      0x118 ./lvgl/src/core/lv_indev_scroll.o
 .text.find_snap_point_y
                0x080076ec      0x118 ./lvgl/src/core/lv_indev_scroll.o
 .text._lv_indev_scroll_handler
                0x08007804      0x548 ./lvgl/src/core/lv_indev_scroll.o
                0x08007804                _lv_indev_scroll_handler
 .text._lv_indev_scroll_throw_handler
                0x08007d4c      0x268 ./lvgl/src/core/lv_indev_scroll.o
                0x08007d4c                _lv_indev_scroll_throw_handler
 .text.lv_indev_scroll_throw_predict
                0x08007fb4       0x36 ./lvgl/src/core/lv_indev_scroll.o
                0x08007fb4                lv_indev_scroll_throw_predict
 .text.lv_obj_constructor
                0x08007fea       0x5c ./lvgl/src/core/lv_obj.o
 .text.lv_obj_set_state
                0x08008046      0x21c ./lvgl/src/core/lv_obj.o
 *fill*         0x08008262        0x2 
 .text.lv_obj_draw
                0x08008264      0x460 ./lvgl/src/core/lv_obj.o
 .text.lv_init  0x080086c4       0x5c ./lvgl/src/core/lv_obj.o
                0x080086c4                lv_init
 .text.lv_obj_create
                0x08008720       0x18 ./lvgl/src/core/lv_obj.o
                0x08008720                lv_obj_create
 .text.lv_obj_clear_flag
                0x08008738       0x78 ./lvgl/src/core/lv_obj.o
                0x08008738                lv_obj_clear_flag
 .text.lv_obj_add_state
                0x080087b0       0x14 ./lvgl/src/core/lv_obj.o
                0x080087b0                lv_obj_add_state
 .text.lv_obj_clear_state
                0x080087c4       0x12 ./lvgl/src/core/lv_obj.o
                0x080087c4                lv_obj_clear_state
 .text.lv_obj_has_flag
                0x080087d6        0xc ./lvgl/src/core/lv_obj.o
                0x080087d6                lv_obj_has_flag
 .text.lv_obj_has_flag_any
                0x080087e2        0xc ./lvgl/src/core/lv_obj.o
                0x080087e2                lv_obj_has_flag_any
 .text.lv_obj_get_state
                0x080087ee        0x4 ./lvgl/src/core/lv_obj.o
                0x080087ee                lv_obj_get_state
 .text.lv_obj_has_state
                0x080087f2        0xc ./lvgl/src/core/lv_obj.o
                0x080087f2                lv_obj_has_state
 .text.lv_obj_get_group
                0x080087fe        0x8 ./lvgl/src/core/lv_obj.o
                0x080087fe                lv_obj_get_group
 .text.lv_obj_event
                0x08008806      0x34e ./lvgl/src/core/lv_obj.o
 .text.lv_obj_destructor
                0x08008b54       0x68 ./lvgl/src/core/lv_obj.o
 .text.lv_obj_add_flag
                0x08008bbc       0x84 ./lvgl/src/core/lv_obj.o
                0x08008bbc                lv_obj_add_flag
 .text.lv_obj_allocate_spec_attr
                0x08008c40       0x38 ./lvgl/src/core/lv_obj.o
                0x08008c40                lv_obj_allocate_spec_attr
 .text.lv_obj_check_type
                0x08008c78        0xc ./lvgl/src/core/lv_obj.o
                0x08008c78                lv_obj_check_type
 .text.lv_obj_construct
                0x08008c84       0x22 ./lvgl/src/core/lv_obj_class.o
 *fill*         0x08008ca6        0x2 
 .text.lv_obj_class_create_obj
                0x08008ca8       0xd8 ./lvgl/src/core/lv_obj_class.o
                0x08008ca8                lv_obj_class_create_obj
 .text._lv_obj_destruct
                0x08008d80       0x1a ./lvgl/src/core/lv_obj_class.o
                0x08008d80                _lv_obj_destruct
 .text.lv_obj_is_editable
                0x08008d9a       0x14 ./lvgl/src/core/lv_obj_class.o
                0x08008d9a                lv_obj_is_editable
 .text.lv_obj_is_group_def
                0x08008dae       0x14 ./lvgl/src/core/lv_obj_class.o
                0x08008dae                lv_obj_is_group_def
 .text.lv_obj_class_init_obj
                0x08008dc2       0x74 ./lvgl/src/core/lv_obj_class.o
                0x08008dc2                lv_obj_class_init_obj
 .text.lv_obj_get_style_blend_mode
                0x08008e36        0xc ./lvgl/src/core/lv_obj_draw.o
 .text.lv_obj_get_style_bg_color_filtered
                0x08008e42       0x18 ./lvgl/src/core/lv_obj_draw.o
 .text.lv_obj_get_style_text_color_filtered
                0x08008e5a       0x18 ./lvgl/src/core/lv_obj_draw.o
 .text.lv_obj_init_draw_rect_dsc
                0x08008e72      0x2e4 ./lvgl/src/core/lv_obj_draw.o
                0x08008e72                lv_obj_init_draw_rect_dsc
 .text.lv_obj_init_draw_label_dsc
                0x08009156       0x9c ./lvgl/src/core/lv_obj_draw.o
                0x08009156                lv_obj_init_draw_label_dsc
 .text.lv_obj_init_draw_img_dsc
                0x080091f2       0xa6 ./lvgl/src/core/lv_obj_draw.o
                0x080091f2                lv_obj_init_draw_img_dsc
 .text.lv_obj_init_draw_line_dsc
                0x08009298       0xb2 ./lvgl/src/core/lv_obj_draw.o
                0x08009298                lv_obj_init_draw_line_dsc
 .text.lv_obj_init_draw_arc_dsc
                0x0800934a       0x9c ./lvgl/src/core/lv_obj_draw.o
                0x0800934a                lv_obj_init_draw_arc_dsc
 .text.lv_obj_calculate_ext_draw_size
                0x080093e6       0xce ./lvgl/src/core/lv_obj_draw.o
                0x080093e6                lv_obj_calculate_ext_draw_size
 .text.lv_obj_draw_dsc_init
                0x080094b4       0x14 ./lvgl/src/core/lv_obj_draw.o
                0x080094b4                lv_obj_draw_dsc_init
 .text._lv_obj_get_ext_draw_size
                0x080094c8        0xa ./lvgl/src/core/lv_obj_draw.o
                0x080094c8                _lv_obj_get_ext_draw_size
 .text.lv_obj_refresh_ext_draw_size
                0x080094d2       0x5a ./lvgl/src/core/lv_obj_draw.o
                0x080094d2                lv_obj_refresh_ext_draw_size
 .text._lv_obj_get_layer_type
                0x0800952c        0xa ./lvgl/src/core/lv_obj_draw.o
                0x0800952c                _lv_obj_get_layer_type
 .text.lv_obj_get_style_base_dir.constprop.0
                0x08009536        0xe ./lvgl/src/core/lv_obj_pos.o
 .text.lv_obj_get_style_border_width.constprop.0
                0x08009544        0xe ./lvgl/src/core/lv_obj_pos.o
 .text.lv_obj_get_style_pad_right.constprop.0
                0x08009552        0xe ./lvgl/src/core/lv_obj_pos.o
 .text.lv_obj_get_style_pad_left.constprop.0
                0x08009560        0xe ./lvgl/src/core/lv_obj_pos.o
 .text.lv_obj_get_style_pad_bottom.constprop.0
                0x0800956e        0xe ./lvgl/src/core/lv_obj_pos.o
 .text.lv_obj_get_style_pad_top.constprop.0
                0x0800957c        0xe ./lvgl/src/core/lv_obj_pos.o
 .text.transform_point
                0x0800958a       0xfc ./lvgl/src/core/lv_obj_pos.o
 .text.lv_obj_set_x
                0x08009686       0x2e ./lvgl/src/core/lv_obj_pos.o
                0x08009686                lv_obj_set_x
 .text.lv_obj_set_y
                0x080096b4       0x2e ./lvgl/src/core/lv_obj_pos.o
                0x080096b4                lv_obj_set_y
 .text.lv_obj_set_pos
                0x080096e2       0x16 ./lvgl/src/core/lv_obj_pos.o
                0x080096e2                lv_obj_set_pos
 .text.lv_obj_set_width
                0x080096f8       0x2e ./lvgl/src/core/lv_obj_pos.o
                0x080096f8                lv_obj_set_width
 .text.lv_obj_set_height
                0x08009726       0x2e ./lvgl/src/core/lv_obj_pos.o
                0x08009726                lv_obj_set_height
 .text.lv_obj_set_size
                0x08009754       0x16 ./lvgl/src/core/lv_obj_pos.o
                0x08009754                lv_obj_set_size
 *fill*         0x0800976a        0x2 
 .text.lv_obj_is_layout_positioned
                0x0800976c       0x34 ./lvgl/src/core/lv_obj_pos.o
                0x0800976c                lv_obj_is_layout_positioned
 .text.lv_obj_mark_layout_as_dirty
                0x080097a0       0x30 ./lvgl/src/core/lv_obj_pos.o
                0x080097a0                lv_obj_mark_layout_as_dirty
 .text.lv_obj_set_layout
                0x080097d0       0x16 ./lvgl/src/core/lv_obj_pos.o
                0x080097d0                lv_obj_set_layout
 *fill*         0x080097e6        0x2 
 .text.lv_layout_register
                0x080097e8       0x3c ./lvgl/src/core/lv_obj_pos.o
                0x080097e8                lv_layout_register
 .text.lv_obj_align
                0x08009824       0x1c ./lvgl/src/core/lv_obj_pos.o
                0x08009824                lv_obj_align
 .text.lv_obj_get_coords
                0x08009840       0x1a ./lvgl/src/core/lv_obj_pos.o
                0x08009840                lv_obj_get_coords
 .text.lv_obj_get_x
                0x0800985a       0x38 ./lvgl/src/core/lv_obj_pos.o
                0x0800985a                lv_obj_get_x
 .text.lv_obj_get_y
                0x08009892       0x38 ./lvgl/src/core/lv_obj_pos.o
                0x08009892                lv_obj_get_y
 .text.lv_obj_get_y2
                0x080098ca       0x16 ./lvgl/src/core/lv_obj_pos.o
                0x080098ca                lv_obj_get_y2
 .text.lv_obj_get_width
                0x080098e0        0xc ./lvgl/src/core/lv_obj_pos.o
                0x080098e0                lv_obj_get_width
 .text.lv_obj_get_height
                0x080098ec        0xc ./lvgl/src/core/lv_obj_pos.o
                0x080098ec                lv_obj_get_height
 .text.lv_obj_get_content_width
                0x080098f8       0x2c ./lvgl/src/core/lv_obj_pos.o
                0x080098f8                lv_obj_get_content_width
 .text.lv_obj_get_content_height
                0x08009924       0x2c ./lvgl/src/core/lv_obj_pos.o
                0x08009924                lv_obj_get_content_height
 .text.lv_obj_get_content_coords
                0x08009950       0x60 ./lvgl/src/core/lv_obj_pos.o
                0x08009950                lv_obj_get_content_coords
 .text.lv_obj_get_self_width
                0x080099b0       0x1c ./lvgl/src/core/lv_obj_pos.o
                0x080099b0                lv_obj_get_self_width
 .text.lv_obj_get_self_height
                0x080099cc       0x1a ./lvgl/src/core/lv_obj_pos.o
                0x080099cc                lv_obj_get_self_height
 .text.lv_obj_refresh_self_size
                0x080099e6       0x34 ./lvgl/src/core/lv_obj_pos.o
                0x080099e6                lv_obj_refresh_self_size
 .text.lv_obj_move_children_by
                0x08009a1a       0x6c ./lvgl/src/core/lv_obj_pos.o
                0x08009a1a                lv_obj_move_children_by
 .text.lv_obj_transform_point
                0x08009a86       0x5c ./lvgl/src/core/lv_obj_pos.o
                0x08009a86                lv_obj_transform_point
 .text.lv_obj_get_transformed_area
                0x08009ae2       0xe8 ./lvgl/src/core/lv_obj_pos.o
                0x08009ae2                lv_obj_get_transformed_area
 .text.lv_obj_area_is_visible
                0x08009bca       0xf0 ./lvgl/src/core/lv_obj_pos.o
                0x08009bca                lv_obj_area_is_visible
 .text.lv_obj_invalidate_area
                0x08009cba       0x42 ./lvgl/src/core/lv_obj_pos.o
                0x08009cba                lv_obj_invalidate_area
 .text.lv_obj_invalidate
                0x08009cfc       0x3c ./lvgl/src/core/lv_obj_pos.o
                0x08009cfc                lv_obj_invalidate
 .text.lv_obj_move_to
                0x08009d38      0x130 ./lvgl/src/core/lv_obj_pos.o
                0x08009d38                lv_obj_move_to
 .text.lv_obj_refr_pos
                0x08009e68      0x258 ./lvgl/src/core/lv_obj_pos.o
                0x08009e68                lv_obj_refr_pos
 .text.lv_obj_is_visible
                0x0800a0c0       0x3c ./lvgl/src/core/lv_obj_pos.o
                0x0800a0c0                lv_obj_is_visible
 .text.lv_obj_set_ext_click_area
                0x0800a0fc       0x10 ./lvgl/src/core/lv_obj_pos.o
                0x0800a0fc                lv_obj_set_ext_click_area
 .text.lv_obj_get_click_area
                0x0800a10c       0x32 ./lvgl/src/core/lv_obj_pos.o
                0x0800a10c                lv_obj_get_click_area
 .text.lv_obj_hit_test
                0x0800a13e       0x62 ./lvgl/src/core/lv_obj_pos.o
                0x0800a13e                lv_obj_hit_test
 .text.lv_clamp_width
                0x0800a1a0       0x66 ./lvgl/src/core/lv_obj_pos.o
                0x0800a1a0                lv_clamp_width
 *fill*         0x0800a206        0x2 
 .text.lv_obj_refr_size
                0x0800a208      0x540 ./lvgl/src/core/lv_obj_pos.o
                0x0800a208                lv_obj_refr_size
 .text.layout_update_core
                0x0800a748       0x94 ./lvgl/src/core/lv_obj_pos.o
 .text.lv_obj_update_layout
                0x0800a7dc       0x34 ./lvgl/src/core/lv_obj_pos.o
                0x0800a7dc                lv_obj_update_layout
 .text.lv_obj_align_to
                0x0800a810      0x3c4 ./lvgl/src/core/lv_obj_pos.o
                0x0800a810                lv_obj_align_to
 .text.lv_obj_get_style_base_dir
                0x0800abd4        0xc ./lvgl/src/core/lv_obj_scroll.o
 .text.scroll_anim_ready_cb
                0x0800abe0        0xa ./lvgl/src/core/lv_obj_scroll.o
 .text.lv_obj_set_scrollbar_mode
                0x0800abea       0x28 ./lvgl/src/core/lv_obj_scroll.o
                0x0800abea                lv_obj_set_scrollbar_mode
 .text.lv_obj_set_scroll_dir
                0x0800ac12       0x1e ./lvgl/src/core/lv_obj_scroll.o
                0x0800ac12                lv_obj_set_scroll_dir
 .text.lv_obj_set_scroll_snap_x
                0x0800ac30       0x16 ./lvgl/src/core/lv_obj_scroll.o
                0x0800ac30                lv_obj_set_scroll_snap_x
 .text.lv_obj_set_scroll_snap_y
                0x0800ac46       0x16 ./lvgl/src/core/lv_obj_scroll.o
                0x0800ac46                lv_obj_set_scroll_snap_y
 .text.lv_obj_get_scrollbar_mode
                0x0800ac5c       0x10 ./lvgl/src/core/lv_obj_scroll.o
                0x0800ac5c                lv_obj_get_scrollbar_mode
 .text.lv_obj_get_scroll_dir
                0x0800ac6c       0x10 ./lvgl/src/core/lv_obj_scroll.o
                0x0800ac6c                lv_obj_get_scroll_dir
 .text.lv_obj_get_scroll_snap_x
                0x0800ac7c        0xc ./lvgl/src/core/lv_obj_scroll.o
                0x0800ac7c                lv_obj_get_scroll_snap_x
 .text.lv_obj_get_scroll_snap_y
                0x0800ac88        0xc ./lvgl/src/core/lv_obj_scroll.o
                0x0800ac88                lv_obj_get_scroll_snap_y
 .text.lv_obj_get_scroll_x
                0x0800ac94        0xc ./lvgl/src/core/lv_obj_scroll.o
                0x0800ac94                lv_obj_get_scroll_x
 .text.lv_obj_get_scroll_y
                0x0800aca0        0xc ./lvgl/src/core/lv_obj_scroll.o
                0x0800aca0                lv_obj_get_scroll_y
 .text.lv_obj_get_scroll_top
                0x0800acac        0x4 ./lvgl/src/core/lv_obj_scroll.o
                0x0800acac                lv_obj_get_scroll_top
 .text.lv_obj_get_scroll_bottom
                0x0800acb0       0xa4 ./lvgl/src/core/lv_obj_scroll.o
                0x0800acb0                lv_obj_get_scroll_bottom
 .text.lv_obj_get_scroll_left
                0x0800ad54       0xd0 ./lvgl/src/core/lv_obj_scroll.o
                0x0800ad54                lv_obj_get_scroll_left
 .text.lv_obj_get_scroll_right
                0x0800ae24       0xb8 ./lvgl/src/core/lv_obj_scroll.o
                0x0800ae24                lv_obj_get_scroll_right
 .text.lv_obj_get_scroll_end
                0x0800aedc       0x44 ./lvgl/src/core/lv_obj_scroll.o
                0x0800aedc                lv_obj_get_scroll_end
 .text._lv_obj_scroll_by_raw
                0x0800af20       0x4a ./lvgl/src/core/lv_obj_scroll.o
                0x0800af20                _lv_obj_scroll_by_raw
 .text.scroll_y_anim
                0x0800af6a       0x18 ./lvgl/src/core/lv_obj_scroll.o
 .text.scroll_x_anim
                0x0800af82       0x18 ./lvgl/src/core/lv_obj_scroll.o
 *fill*         0x0800af9a        0x2 
 .text.lv_obj_scroll_by
                0x0800af9c      0x11c ./lvgl/src/core/lv_obj_scroll.o
                0x0800af9c                lv_obj_scroll_by
 .text.lv_obj_scroll_by_bounded
                0x0800b0b8       0xc8 ./lvgl/src/core/lv_obj_scroll.o
                0x0800b0b8                lv_obj_scroll_by_bounded
 .text.lv_obj_scroll_to_x
                0x0800b180       0x2c ./lvgl/src/core/lv_obj_scroll.o
                0x0800b180                lv_obj_scroll_to_x
 .text.lv_obj_scroll_to_y
                0x0800b1ac       0x2c ./lvgl/src/core/lv_obj_scroll.o
                0x0800b1ac                lv_obj_scroll_to_y
 .text.lv_obj_scroll_to
                0x0800b1d8       0x1c ./lvgl/src/core/lv_obj_scroll.o
                0x0800b1d8                lv_obj_scroll_to
 .text.scroll_area_into_view
                0x0800b1f4      0x2f4 ./lvgl/src/core/lv_obj_scroll.o
 .text.lv_obj_scroll_to_view_recursive
                0x0800b4e8       0x36 ./lvgl/src/core/lv_obj_scroll.o
                0x0800b4e8                lv_obj_scroll_to_view_recursive
 .text.lv_obj_get_scrollbar_area
                0x0800b51e      0x6c6 ./lvgl/src/core/lv_obj_scroll.o
                0x0800b51e                lv_obj_get_scrollbar_area
 .text.lv_obj_scrollbar_invalidate
                0x0800bbe4       0x40 ./lvgl/src/core/lv_obj_scroll.o
                0x0800bbe4                lv_obj_scrollbar_invalidate
 .text.lv_obj_readjust_scroll
                0x0800bc24       0x94 ./lvgl/src/core/lv_obj_scroll.o
                0x0800bc24                lv_obj_readjust_scroll
 .text.refresh_children_style
                0x0800bcb8       0x3a ./lvgl/src/core/lv_obj_style.o
 *fill*         0x0800bcf2        0x2 
 .text.trans_del.isra.0
                0x0800bcf4       0xa4 ./lvgl/src/core/lv_obj_style.o
 .text.get_local_style
                0x0800bd98       0xbc ./lvgl/src/core/lv_obj_style.o
 .text.get_trans_style
                0x0800be54       0x94 ./lvgl/src/core/lv_obj_style.o
 .text._lv_obj_style_init
                0x0800bee8        0xc ./lvgl/src/core/lv_obj_style.o
                0x0800bee8                _lv_obj_style_init
 .text.lv_obj_enable_style_refresh
                0x0800bef4        0xc ./lvgl/src/core/lv_obj_style.o
                0x0800bef4                lv_obj_enable_style_refresh
 .text.lv_obj_get_style_prop
                0x0800bf00      0x144 ./lvgl/src/core/lv_obj_style.o
                0x0800bf00                lv_obj_get_style_prop
 .text.trans_anim_start_cb
                0x0800c044       0x40 ./lvgl/src/core/lv_obj_style.o
 .text.lv_obj_refresh_style
                0x0800c084      0x15c ./lvgl/src/core/lv_obj_style.o
                0x0800c084                lv_obj_refresh_style
 .text.lv_obj_add_style
                0x0800c1e0       0xa8 ./lvgl/src/core/lv_obj_style.o
                0x0800c1e0                lv_obj_add_style
 .text.report_style_change_core
                0x0800c288       0x52 ./lvgl/src/core/lv_obj_style.o
 *fill*         0x0800c2da        0x2 
 .text.lv_obj_report_style_change
                0x0800c2dc       0x38 ./lvgl/src/core/lv_obj_style.o
                0x0800c2dc                lv_obj_report_style_change
 .text.trans_anim_cb
                0x0800c314      0x158 ./lvgl/src/core/lv_obj_style.o
 .text.lv_obj_remove_style
                0x0800c46c      0x10a ./lvgl/src/core/lv_obj_style.o
                0x0800c46c                lv_obj_remove_style
 *fill*         0x0800c576        0x2 
 .text.trans_anim_ready_cb
                0x0800c578       0xa8 ./lvgl/src/core/lv_obj_style.o
 .text.lv_obj_set_local_style_prop
                0x0800c620       0x26 ./lvgl/src/core/lv_obj_style.o
                0x0800c620                lv_obj_set_local_style_prop
 .text.lv_obj_get_local_style_prop
                0x0800c646       0x40 ./lvgl/src/core/lv_obj_style.o
                0x0800c646                lv_obj_get_local_style_prop
 .text.lv_obj_remove_local_style_prop
                0x0800c686       0x54 ./lvgl/src/core/lv_obj_style.o
                0x0800c686                lv_obj_remove_local_style_prop
 *fill*         0x0800c6da        0x2 
 .text._lv_obj_style_create_transition
                0x0800c6dc      0x144 ./lvgl/src/core/lv_obj_style.o
                0x0800c6dc                _lv_obj_style_create_transition
 .text._lv_obj_style_apply_color_filter
                0x0800c820       0x38 ./lvgl/src/core/lv_obj_style.o
                0x0800c820                _lv_obj_style_apply_color_filter
 .text._lv_obj_style_state_compare
                0x0800c858      0x202 ./lvgl/src/core/lv_obj_style.o
                0x0800c858                _lv_obj_style_state_compare
 .text.lv_obj_style_get_selector_state
                0x0800ca5a        0x4 ./lvgl/src/core/lv_obj_style.o
                0x0800ca5a                lv_obj_style_get_selector_state
 .text.lv_obj_style_get_selector_part
                0x0800ca5e        0x6 ./lvgl/src/core/lv_obj_style.o
                0x0800ca5e                lv_obj_style_get_selector_part
 .text.lv_obj_calculate_style_text_align
                0x0800ca64       0x22 ./lvgl/src/core/lv_obj_style.o
                0x0800ca64                lv_obj_calculate_style_text_align
 .text.lv_obj_get_style_opa_recursive
                0x0800ca86       0x5a ./lvgl/src/core/lv_obj_style.o
                0x0800ca86                lv_obj_get_style_opa_recursive
 .text.lv_obj_set_style_width
                0x0800cae0        0xa ./lvgl/src/core/lv_obj_style_gen.o
                0x0800cae0                lv_obj_set_style_width
 .text.lv_obj_set_style_min_width
                0x0800caea        0xa ./lvgl/src/core/lv_obj_style_gen.o
                0x0800caea                lv_obj_set_style_min_width
 .text.lv_obj_set_style_height
                0x0800caf4        0xa ./lvgl/src/core/lv_obj_style_gen.o
                0x0800caf4                lv_obj_set_style_height
 .text.lv_obj_set_style_x
                0x0800cafe        0xa ./lvgl/src/core/lv_obj_style_gen.o
                0x0800cafe                lv_obj_set_style_x
 .text.lv_obj_set_style_y
                0x0800cb08        0xa ./lvgl/src/core/lv_obj_style_gen.o
                0x0800cb08                lv_obj_set_style_y
 .text.lv_obj_set_style_align
                0x0800cb12        0xa ./lvgl/src/core/lv_obj_style_gen.o
                0x0800cb12                lv_obj_set_style_align
 .text.lv_obj_set_style_pad_top
                0x0800cb1c        0xa ./lvgl/src/core/lv_obj_style_gen.o
                0x0800cb1c                lv_obj_set_style_pad_top
 .text.lv_obj_set_style_pad_bottom
                0x0800cb26        0xa ./lvgl/src/core/lv_obj_style_gen.o
                0x0800cb26                lv_obj_set_style_pad_bottom
 .text.lv_obj_set_style_pad_left
                0x0800cb30        0xa ./lvgl/src/core/lv_obj_style_gen.o
                0x0800cb30                lv_obj_set_style_pad_left
 .text.lv_obj_set_style_pad_right
                0x0800cb3a        0xa ./lvgl/src/core/lv_obj_style_gen.o
                0x0800cb3a                lv_obj_set_style_pad_right
 .text.lv_obj_set_style_bg_color
                0x0800cb44       0x20 ./lvgl/src/core/lv_obj_style_gen.o
                0x0800cb44                lv_obj_set_style_bg_color
 .text.lv_obj_set_style_bg_opa
                0x0800cb64        0xa ./lvgl/src/core/lv_obj_style_gen.o
                0x0800cb64                lv_obj_set_style_bg_opa
 .text.lv_obj_set_style_bg_img_src
                0x0800cb6e        0xa ./lvgl/src/core/lv_obj_style_gen.o
                0x0800cb6e                lv_obj_set_style_bg_img_src
 .text.lv_obj_set_style_border_color
                0x0800cb78       0x20 ./lvgl/src/core/lv_obj_style_gen.o
                0x0800cb78                lv_obj_set_style_border_color
 .text.lv_obj_set_style_border_width
                0x0800cb98        0xa ./lvgl/src/core/lv_obj_style_gen.o
                0x0800cb98                lv_obj_set_style_border_width
 .text.lv_obj_set_style_shadow_width
                0x0800cba2        0xa ./lvgl/src/core/lv_obj_style_gen.o
                0x0800cba2                lv_obj_set_style_shadow_width
 .text.lv_obj_set_style_line_width
                0x0800cbac        0xa ./lvgl/src/core/lv_obj_style_gen.o
                0x0800cbac                lv_obj_set_style_line_width
 .text.lv_obj_set_style_text_color
                0x0800cbb6       0x20 ./lvgl/src/core/lv_obj_style_gen.o
                0x0800cbb6                lv_obj_set_style_text_color
 .text.lv_obj_set_style_text_line_space
                0x0800cbd6        0xa ./lvgl/src/core/lv_obj_style_gen.o
                0x0800cbd6                lv_obj_set_style_text_line_space
 .text.lv_obj_set_style_text_align
                0x0800cbe0        0xa ./lvgl/src/core/lv_obj_style_gen.o
                0x0800cbe0                lv_obj_set_style_text_align
 .text.lv_obj_set_style_radius
                0x0800cbea        0xa ./lvgl/src/core/lv_obj_style_gen.o
                0x0800cbea                lv_obj_set_style_radius
 .text.lv_obj_set_style_layout
                0x0800cbf4        0xa ./lvgl/src/core/lv_obj_style_gen.o
                0x0800cbf4                lv_obj_set_style_layout
 .text.lv_obj_set_style_base_dir
                0x0800cbfe        0xa ./lvgl/src/core/lv_obj_style_gen.o
                0x0800cbfe                lv_obj_set_style_base_dir
 .text.lv_obj_get_screen
                0x0800cc08       0x10 ./lvgl/src/core/lv_obj_tree.o
                0x0800cc08                lv_obj_get_screen
 .text.lv_obj_get_disp
                0x0800cc18       0x3c ./lvgl/src/core/lv_obj_tree.o
                0x0800cc18                lv_obj_get_disp
 .text.lv_obj_get_parent
                0x0800cc54        0x6 ./lvgl/src/core/lv_obj_tree.o
                0x0800cc54                lv_obj_get_parent
 .text.lv_obj_get_child
                0x0800cc5a       0x1e ./lvgl/src/core/lv_obj_tree.o
                0x0800cc5a                lv_obj_get_child
 .text.lv_obj_get_child_cnt
                0x0800cc78        0x8 ./lvgl/src/core/lv_obj_tree.o
                0x0800cc78                lv_obj_get_child_cnt
 .text.lv_obj_get_index
                0x0800cc80       0x38 ./lvgl/src/core/lv_obj_tree.o
                0x0800cc80                lv_obj_get_index
 .text.obj_del_core
                0x0800ccb8       0xfa ./lvgl/src/core/lv_obj_tree.o
 .text.lv_obj_del
                0x0800cdb2       0x52 ./lvgl/src/core/lv_obj_tree.o
                0x0800cdb2                lv_obj_del
 .text.lv_obj_set_parent
                0x0800ce04       0xd8 ./lvgl/src/core/lv_obj_tree.o
                0x0800ce04                lv_obj_set_parent
 .text.lv_obj_move_to_index
                0x0800cedc       0x84 ./lvgl/src/core/lv_obj_tree.o
                0x0800cedc                lv_obj_move_to_index
 .text.call_flush_cb
                0x0800cf60       0x30 ./lvgl/src/core/lv_refr.o
 .text.lv_refr_get_top_obj
                0x0800cf90       0x72 ./lvgl/src/core/lv_refr.o
 *fill*         0x0800d002        0x2 
 .text._lv_refr_init
                0x0800d004       0x20 ./lvgl/src/core/lv_refr.o
                0x0800d004                _lv_refr_init
 .text.lv_obj_redraw
                0x0800d024       0xe2 ./lvgl/src/core/lv_refr.o
                0x0800d024                lv_obj_redraw
 *fill*         0x0800d106        0x2 
 .text.refr_obj
                0x0800d108      0x308 ./lvgl/src/core/lv_refr.o
 .text.refr_obj_and_children
                0x0800d410       0x8c ./lvgl/src/core/lv_refr.o
 .text.refr_area_part
                0x0800d49c      0x5c0 ./lvgl/src/core/lv_refr.o
 .text._lv_inv_area
                0x0800da5c       0xe0 ./lvgl/src/core/lv_refr.o
                0x0800da5c                _lv_inv_area
 .text._lv_refr_get_disp_refreshing
                0x0800db3c        0xc ./lvgl/src/core/lv_refr.o
                0x0800db3c                _lv_refr_get_disp_refreshing
 .text._lv_disp_refr_timer
                0x0800db48      0x6ec ./lvgl/src/core/lv_refr.o
                0x0800db48                _lv_disp_refr_timer
 .text.apply_theme
                0x0800e234       0x1e ./lvgl/src/core/lv_theme.o
 .text.lv_theme_get_from_obj
                0x0800e252       0x16 ./lvgl/src/core/lv_theme.o
                0x0800e252                lv_theme_get_from_obj
 .text.lv_theme_apply
                0x0800e268       0x28 ./lvgl/src/core/lv_theme.o
                0x0800e268                lv_theme_apply
 .text.lv_theme_get_color_primary
                0x0800e290       0x16 ./lvgl/src/core/lv_theme.o
                0x0800e290                lv_theme_get_color_primary
 .text.lv_draw_init
                0x0800e2a6        0x2 ./lvgl/src/draw/lv_draw.o
                0x0800e2a6                lv_draw_init
 .text.lv_draw_wait_for_finish
                0x0800e2a8        0x8 ./lvgl/src/draw/lv_draw.o
                0x0800e2a8                lv_draw_wait_for_finish
 .text.lv_draw_arc_dsc_init
                0x0800e2b0       0x14 ./lvgl/src/draw/lv_draw_arc.o
                0x0800e2b0                lv_draw_arc_dsc_init
 .text.lv_draw_arc
                0x0800e2c4       0x2e ./lvgl/src/draw/lv_draw_arc.o
                0x0800e2c4                lv_draw_arc
 .text.lv_draw_arc_get_area
                0x0800e2f2      0x45a ./lvgl/src/draw/lv_draw_arc.o
                0x0800e2f2                lv_draw_arc_get_area
 .text.show_error
                0x0800e74c       0x3c ./lvgl/src/draw/lv_draw_img.o
 .text.lv_draw_img_dsc_init
                0x0800e788       0x1c ./lvgl/src/draw/lv_draw_img.o
                0x0800e788                lv_draw_img_dsc_init
 .text.lv_img_cf_get_px_size
                0x0800e7a4       0x14 ./lvgl/src/draw/lv_draw_img.o
                0x0800e7a4                lv_img_cf_get_px_size
 .text.lv_img_cf_is_chroma_keyed
                0x0800e7b8       0x10 ./lvgl/src/draw/lv_draw_img.o
                0x0800e7b8                lv_img_cf_is_chroma_keyed
 .text.lv_img_cf_has_alpha
                0x0800e7c8       0x14 ./lvgl/src/draw/lv_draw_img.o
                0x0800e7c8                lv_img_cf_has_alpha
 .text.lv_img_src_get_type
                0x0800e7dc       0x1a ./lvgl/src/draw/lv_draw_img.o
                0x0800e7dc                lv_img_src_get_type
 .text.lv_draw_img_decoded
                0x0800e7f6       0x16 ./lvgl/src/draw/lv_draw_img.o
                0x0800e7f6                lv_draw_img_decoded
 .text.lv_draw_img
                0x0800e80c      0x214 ./lvgl/src/draw/lv_draw_img.o
                0x0800e80c                lv_draw_img
 .text.lv_color_black
                0x0800ea20        0x6 ./lvgl/src/draw/lv_draw_label.o
 .text.hex_char_to_num
                0x0800ea26       0x24 ./lvgl/src/draw/lv_draw_label.o
 *fill*         0x0800ea4a        0x2 
 .text.lv_draw_label_dsc_init
                0x0800ea4c       0x3c ./lvgl/src/draw/lv_draw_label.o
                0x0800ea4c                lv_draw_label_dsc_init
 .text.lv_draw_letter
                0x0800ea88        0xc ./lvgl/src/draw/lv_draw_label.o
                0x0800ea88                lv_draw_letter
 .text.lv_draw_label
                0x0800ea94      0x584 ./lvgl/src/draw/lv_draw_label.o
                0x0800ea94                lv_draw_label
 .text.lv_draw_layer_create
                0x0800f018       0x60 ./lvgl/src/draw/lv_draw_layer.o
                0x0800f018                lv_draw_layer_create